[2026-05-25T06:42:58.458+0000] {taskinstance.py:1956} INFO - Dependencies all met for dep_context=non-requeueable deps ti=<TaskInstance: datapulse_superstore_etl.extract scheduled__2026-05-24T00:00:00+00:00 [queued]>
[2026-05-25T06:42:58.479+0000] {taskinstance.py:1956} INFO - Dependencies all met for dep_context=requeueable deps ti=<TaskInstance: datapulse_superstore_etl.extract scheduled__2026-05-24T00:00:00+00:00 [queued]>
[2026-05-25T06:42:58.480+0000] {taskinstance.py:2170} INFO - Starting attempt 1 of 4
[2026-05-25T06:42:58.509+0000] {taskinstance.py:2191} INFO - Executing <Task(BashOperator): extract> on 2026-05-24 00:00:00+00:00
[2026-05-25T06:42:58.523+0000] {standard_task_runner.py:60} INFO - Started process 239 to run task
[2026-05-25T06:42:58.532+0000] {standard_task_runner.py:87} INFO - Running: ['airflow', 'tasks', 'run', 'datapulse_superstore_etl', 'extract', 'scheduled__2026-05-24T00:00:00+00:00', '--job-id', '3', '--raw', '--subdir', 'DAGS_FOLDER/datapulse_dag.py', '--cfg-path', '/tmp/tmplnm9fspw']
[2026-05-25T06:42:58.537+0000] {standard_task_runner.py:88} INFO - Job 3: Subtask extract
[2026-05-25T06:42:58.676+0000] {task_command.py:423} INFO - Running <TaskInstance: datapulse_superstore_etl.extract scheduled__2026-05-24T00:00:00+00:00 [running]> on host 0e7463142bef
[2026-05-25T06:42:58.891+0000] {taskinstance.py:2480} INFO - Exporting env vars: AIRFLOW_CTX_DAG_OWNER='datapulse' AIRFLOW_CTX_DAG_ID='datapulse_superstore_etl' AIRFLOW_CTX_TASK_ID='extract' AIRFLOW_CTX_EXECUTION_DATE='2026-05-24T00:00:00+00:00' AIRFLOW_CTX_TRY_NUMBER='1' AIRFLOW_CTX_DAG_RUN_ID='scheduled__2026-05-24T00:00:00+00:00'
[2026-05-25T06:42:58.895+0000] {subprocess.py:63} INFO - Tmp dir root location: /tmp
[2026-05-25T06:42:58.900+0000] {subprocess.py:75} INFO - Running command: ['/usr/bin/bash', '-c', 'cd /opt/airflow && python extraction/extract.py']
[2026-05-25T06:42:58.926+0000] {subprocess.py:86} INFO - Output:
[2026-05-25T06:43:01.419+0000] {subprocess.py:93} INFO - 2026-05-25 06:43:01,419 INFO Reading data/superstore.csv ...
[2026-05-25T06:43:01.513+0000] {subprocess.py:93} INFO - 2026-05-25 06:43:01,513 INFO Loaded 9994 raw rows, 21 columns
[2026-05-25T06:43:01.536+0000] {subprocess.py:93} INFO - 2026-05-25 06:43:01,536 INFO customer_dim: 793 unique customers
[2026-05-25T06:43:01.559+0000] {subprocess.py:93} INFO - 2026-05-25 06:43:01,559 INFO product_dim: 1862 unique products
[2026-05-25T06:43:01.682+0000] {subprocess.py:93} INFO - 2026-05-25 06:43:01,682 INFO sales_raw: 9994 rows extracted
[2026-05-25T06:43:01.684+0000] {subprocess.py:93} INFO - 2026-05-25 06:43:01,682 INFO Extraction complete!
[2026-05-25T06:43:01.795+0000] {subprocess.py:97} INFO - Command exited with return code 0
[2026-05-25T06:43:01.855+0000] {taskinstance.py:1138} INFO - Marking task as SUCCESS. dag_id=datapulse_superstore_etl, task_id=extract, execution_date=20260524T000000, start_date=20260525T064258, end_date=20260525T064301
[2026-05-25T06:43:01.886+0000] {local_task_job_runner.py:234} INFO - Task exited with return code 0
[2026-05-25T06:43:01.932+0000] {taskinstance.py:3280} INFO - 1 downstream tasks scheduled from follow-on schedule check
