[2026-05-25T06:55:16.504+0000] {taskinstance.py:1956} INFO - Dependencies all met for dep_context=non-requeueable deps ti=<TaskInstance: datapulse_superstore_etl.load_to_warehouse manual__2026-05-25T06:53:07.001179+00:00 [queued]>
[2026-05-25T06:55:16.521+0000] {taskinstance.py:1956} INFO - Dependencies all met for dep_context=requeueable deps ti=<TaskInstance: datapulse_superstore_etl.load_to_warehouse manual__2026-05-25T06:53:07.001179+00:00 [queued]>
[2026-05-25T06:55:16.522+0000] {taskinstance.py:2170} INFO - Starting attempt 2 of 3
[2026-05-25T06:55:16.547+0000] {taskinstance.py:2191} INFO - Executing <Task(BashOperator): load_to_warehouse> on 2026-05-25 06:53:07.001179+00:00
[2026-05-25T06:55:16.554+0000] {standard_task_runner.py:60} INFO - Started process 604 to run task
[2026-05-25T06:55:16.559+0000] {standard_task_runner.py:87} INFO - Running: ['airflow', 'tasks', 'run', 'datapulse_superstore_etl', 'load_to_warehouse', 'manual__2026-05-25T06:53:07.001179+00:00', '--job-id', '27', '--raw', '--subdir', 'DAGS_FOLDER/datapulse_dag.py', '--cfg-path', '/tmp/tmp3lrj_hdz']
[2026-05-25T06:55:16.566+0000] {standard_task_runner.py:88} INFO - Job 27: Subtask load_to_warehouse
[2026-05-25T06:55:16.679+0000] {task_command.py:423} INFO - Running <TaskInstance: datapulse_superstore_etl.load_to_warehouse manual__2026-05-25T06:53:07.001179+00:00 [running]> on host 0e7463142bef
[2026-05-25T06:55:16.873+0000] {taskinstance.py:2480} INFO - Exporting env vars: AIRFLOW_CTX_DAG_OWNER='datapulse' AIRFLOW_CTX_DAG_ID='datapulse_superstore_etl' AIRFLOW_CTX_TASK_ID='load_to_warehouse' AIRFLOW_CTX_EXECUTION_DATE='2026-05-25T06:53:07.001179+00:00' AIRFLOW_CTX_TRY_NUMBER='2' AIRFLOW_CTX_DAG_RUN_ID='manual__2026-05-25T06:53:07.001179+00:00'
[2026-05-25T06:55:16.876+0000] {subprocess.py:63} INFO - Tmp dir root location: /tmp
[2026-05-25T06:55:16.880+0000] {subprocess.py:75} INFO - Running command: ['/usr/bin/bash', '-c', 'cd /opt/airflow && python loading/load.py']
[2026-05-25T06:55:16.901+0000] {subprocess.py:86} INFO - Output:
[2026-05-25T06:55:18.251+0000] {subprocess.py:93} INFO - 2026-05-25 06:55:18,251 INFO Connecting to: datapulse_postgres:5432
[2026-05-25T06:55:18.388+0000] {subprocess.py:93} INFO - loading/load.py:42: RemovedIn20Warning: Deprecated API features detected! These feature(s) are not compatible with SQLAlchemy 2.0. To prevent incompatible upgrades prior to updating applications, ensure requirements files are pinned to "sqlalchemy<2.0". Set environment variable SQLALCHEMY_WARN_20=1 to show all deprecation warnings.  Set environment variable SQLALCHEMY_SILENCE_UBER_WARNING=1 to silence this message. (Background on SQLAlchemy 2.0 at: https://sqlalche.me/e/b8d9)
[2026-05-25T06:55:18.389+0000] {subprocess.py:93} INFO -   conn.execute(text(
[2026-05-25T06:55:18.390+0000] {subprocess.py:93} INFO - 2026-05-25 06:55:18,387 WARNING Could not write etl_log: 'Connection' object has no attribute 'commit'
[2026-05-25T06:55:18.391+0000] {subprocess.py:93} INFO - 2026-05-25 06:55:18,388 ERROR ETL failed: 'Connection' object has no attribute 'commit'
[2026-05-25T06:55:18.400+0000] {subprocess.py:93} INFO - Traceback (most recent call last):
[2026-05-25T06:55:18.401+0000] {subprocess.py:93} INFO -   File "loading/load.py", line 112, in <module>
[2026-05-25T06:55:18.402+0000] {subprocess.py:93} INFO -     run()
[2026-05-25T06:55:18.403+0000] {subprocess.py:93} INFO -   File "loading/load.py", line 97, in run
[2026-05-25T06:55:18.404+0000] {subprocess.py:93} INFO -     truncate_tables(engine)
[2026-05-25T06:55:18.405+0000] {subprocess.py:93} INFO -   File "loading/load.py", line 45, in truncate_tables
[2026-05-25T06:55:18.407+0000] {subprocess.py:93} INFO -     conn.commit()
[2026-05-25T06:55:18.408+0000] {subprocess.py:93} INFO - AttributeError: 'Connection' object has no attribute 'commit'
[2026-05-25T06:55:18.561+0000] {subprocess.py:97} INFO - Command exited with return code 1
[2026-05-25T06:55:18.580+0000] {taskinstance.py:2698} ERROR - Task failed with exception
Traceback (most recent call last):
  File "/home/airflow/.local/lib/python3.8/site-packages/airflow/models/taskinstance.py", line 433, in _execute_task
    result = execute_callable(context=context, **execute_callable_kwargs)
  File "/home/airflow/.local/lib/python3.8/site-packages/airflow/operators/bash.py", line 212, in execute
    raise AirflowException(
airflow.exceptions.AirflowException: Bash command failed. The command returned a non-zero exit code 1.
[2026-05-25T06:55:18.585+0000] {taskinstance.py:1138} INFO - Marking task as UP_FOR_RETRY. dag_id=datapulse_superstore_etl, task_id=load_to_warehouse, execution_date=20260525T065307, start_date=20260525T065516, end_date=20260525T065518
[2026-05-25T06:55:18.606+0000] {standard_task_runner.py:107} ERROR - Failed to execute job 27 for task load_to_warehouse (Bash command failed. The command returned a non-zero exit code 1.; 604)
[2026-05-25T06:55:18.632+0000] {local_task_job_runner.py:234} INFO - Task exited with return code 1
[2026-05-25T06:55:18.669+0000] {taskinstance.py:3280} INFO - 0 downstream tasks scheduled from follow-on schedule check
