[2026-05-25T06:58:43.222+0000] {taskinstance.py:1956} INFO - Dependencies all met for dep_context=non-requeueable deps ti=<TaskInstance: datapulse_superstore_etl.load_to_warehouse manual__2026-05-25T06:58:36.296727+00:00 [queued]>
[2026-05-25T06:58:43.239+0000] {taskinstance.py:1956} INFO - Dependencies all met for dep_context=requeueable deps ti=<TaskInstance: datapulse_superstore_etl.load_to_warehouse manual__2026-05-25T06:58:36.296727+00:00 [queued]>
[2026-05-25T06:58:43.240+0000] {taskinstance.py:2170} INFO - Starting attempt 1 of 3
[2026-05-25T06:58:43.269+0000] {taskinstance.py:2191} INFO - Executing <Task(BashOperator): load_to_warehouse> on 2026-05-25 06:58:36.296727+00:00
[2026-05-25T06:58:43.279+0000] {standard_task_runner.py:60} INFO - Started process 742 to run task
[2026-05-25T06:58:43.284+0000] {standard_task_runner.py:87} INFO - Running: ['airflow', 'tasks', 'run', 'datapulse_superstore_etl', 'load_to_warehouse', 'manual__2026-05-25T06:58:36.296727+00:00', '--job-id', '33', '--raw', '--subdir', 'DAGS_FOLDER/datapulse_dag.py', '--cfg-path', '/tmp/tmp74a97q87']
[2026-05-25T06:58:43.290+0000] {standard_task_runner.py:88} INFO - Job 33: Subtask load_to_warehouse
[2026-05-25T06:58:43.388+0000] {task_command.py:423} INFO - Running <TaskInstance: datapulse_superstore_etl.load_to_warehouse manual__2026-05-25T06:58:36.296727+00:00 [running]> on host 0e7463142bef
[2026-05-25T06:58:43.522+0000] {taskinstance.py:2480} INFO - Exporting env vars: AIRFLOW_CTX_DAG_OWNER='datapulse' AIRFLOW_CTX_DAG_ID='datapulse_superstore_etl' AIRFLOW_CTX_TASK_ID='load_to_warehouse' AIRFLOW_CTX_EXECUTION_DATE='2026-05-25T06:58:36.296727+00:00' AIRFLOW_CTX_TRY_NUMBER='1' AIRFLOW_CTX_DAG_RUN_ID='manual__2026-05-25T06:58:36.296727+00:00'
[2026-05-25T06:58:43.523+0000] {subprocess.py:63} INFO - Tmp dir root location: /tmp
[2026-05-25T06:58:43.525+0000] {subprocess.py:75} INFO - Running command: ['/usr/bin/bash', '-c', 'cd /opt/airflow && python loading/load.py']
[2026-05-25T06:58:43.539+0000] {subprocess.py:86} INFO - Output:
[2026-05-25T06:58:44.533+0000] {subprocess.py:93} INFO - 2026-05-25 06:58:44,532 INFO Connecting to: datapulse_postgres:5432
[2026-05-25T06:58:44.634+0000] {subprocess.py:93} INFO - 2026-05-25 06:58:44,634 INFO Tables truncated
[2026-05-25T06:58:44.650+0000] {subprocess.py:93} INFO - 2026-05-25 06:58:44,650 INFO customer_dim: 793 rows
[2026-05-25T06:58:44.780+0000] {subprocess.py:93} INFO - 2026-05-25 06:58:44,779 INFO customer_dim: 793 rows loaded
[2026-05-25T06:58:44.798+0000] {subprocess.py:93} INFO - 2026-05-25 06:58:44,798 INFO product_dim: 1862 rows
[2026-05-25T06:58:45.022+0000] {subprocess.py:93} INFO - 2026-05-25 06:58:45,021 INFO product_dim: 1862 rows loaded
[2026-05-25T06:58:45.088+0000] {subprocess.py:93} INFO - 2026-05-25 06:58:45,088 INFO Sales transform: 9994 in -> 9986 clean records out
[2026-05-25T06:58:45.116+0000] {subprocess.py:93} INFO - 2026-05-25 06:58:45,116 INFO date_dim: 1237 unique dates
[2026-05-25T06:58:45.352+0000] {subprocess.py:93} INFO - 2026-05-25 06:58:45,352 INFO date_dim: 1237 rows loaded
[2026-05-25T06:58:47.995+0000] {subprocess.py:93} INFO - 2026-05-25 06:58:47,995 INFO sales_fact: 9986 rows loaded
[2026-05-25T06:58:48.001+0000] {subprocess.py:93} INFO - 2026-05-25 06:58:48,000 INFO DataPulse ETL completed successfully!
[2026-05-25T06:58:48.127+0000] {subprocess.py:97} INFO - Command exited with return code 0
[2026-05-25T06:58:48.171+0000] {taskinstance.py:1138} INFO - Marking task as SUCCESS. dag_id=datapulse_superstore_etl, task_id=load_to_warehouse, execution_date=20260525T065836, start_date=20260525T065843, end_date=20260525T065848
[2026-05-25T06:58:48.199+0000] {local_task_job_runner.py:234} INFO - Task exited with return code 0
[2026-05-25T06:58:48.228+0000] {taskinstance.py:3280} INFO - 1 downstream tasks scheduled from follow-on schedule check
