[2026-05-25T07:00:32.995+0000] {taskinstance.py:1956} INFO - Dependencies all met for dep_context=non-requeueable deps ti=<TaskInstance: datapulse_superstore_etl.load_to_warehouse manual__2026-05-25T07:00:26.987045+00:00 [queued]>
[2026-05-25T07:00:33.011+0000] {taskinstance.py:1956} INFO - Dependencies all met for dep_context=requeueable deps ti=<TaskInstance: datapulse_superstore_etl.load_to_warehouse manual__2026-05-25T07:00:26.987045+00:00 [queued]>
[2026-05-25T07:00:33.012+0000] {taskinstance.py:2170} INFO - Starting attempt 1 of 3
[2026-05-25T07:00:33.034+0000] {taskinstance.py:2191} INFO - Executing <Task(BashOperator): load_to_warehouse> on 2026-05-25 07:00:26.987045+00:00
[2026-05-25T07:00:33.041+0000] {standard_task_runner.py:60} INFO - Started process 820 to run task
[2026-05-25T07:00:33.046+0000] {standard_task_runner.py:87} INFO - Running: ['airflow', 'tasks', 'run', 'datapulse_superstore_etl', 'load_to_warehouse', 'manual__2026-05-25T07:00:26.987045+00:00', '--job-id', '37', '--raw', '--subdir', 'DAGS_FOLDER/datapulse_dag.py', '--cfg-path', '/tmp/tmprtu2s8h0']
[2026-05-25T07:00:33.049+0000] {standard_task_runner.py:88} INFO - Job 37: Subtask load_to_warehouse
[2026-05-25T07:00:33.144+0000] {task_command.py:423} INFO - Running <TaskInstance: datapulse_superstore_etl.load_to_warehouse manual__2026-05-25T07:00:26.987045+00:00 [running]> on host 0e7463142bef
[2026-05-25T07:00:33.293+0000] {taskinstance.py:2480} INFO - Exporting env vars: AIRFLOW_CTX_DAG_OWNER='datapulse' AIRFLOW_CTX_DAG_ID='datapulse_superstore_etl' AIRFLOW_CTX_TASK_ID='load_to_warehouse' AIRFLOW_CTX_EXECUTION_DATE='2026-05-25T07:00:26.987045+00:00' AIRFLOW_CTX_TRY_NUMBER='1' AIRFLOW_CTX_DAG_RUN_ID='manual__2026-05-25T07:00:26.987045+00:00'
[2026-05-25T07:00:33.295+0000] {subprocess.py:63} INFO - Tmp dir root location: /tmp
[2026-05-25T07:00:33.296+0000] {subprocess.py:75} INFO - Running command: ['/usr/bin/bash', '-c', 'cd /opt/airflow && python loading/load.py']
[2026-05-25T07:00:33.310+0000] {subprocess.py:86} INFO - Output:
[2026-05-25T07:00:34.376+0000] {subprocess.py:93} INFO - 2026-05-25 07:00:34,375 INFO Connecting to: datapulse_postgres:5432
[2026-05-25T07:00:34.486+0000] {subprocess.py:93} INFO - 2026-05-25 07:00:34,486 INFO Tables truncated
[2026-05-25T07:00:34.502+0000] {subprocess.py:93} INFO - 2026-05-25 07:00:34,502 INFO customer_dim: 793 rows
[2026-05-25T07:00:34.632+0000] {subprocess.py:93} INFO - 2026-05-25 07:00:34,632 INFO customer_dim: 793 rows loaded
[2026-05-25T07:00:34.655+0000] {subprocess.py:93} INFO - 2026-05-25 07:00:34,655 INFO product_dim: 1862 rows
[2026-05-25T07:00:34.870+0000] {subprocess.py:93} INFO - 2026-05-25 07:00:34,869 INFO product_dim: 1862 rows loaded
[2026-05-25T07:00:34.930+0000] {subprocess.py:93} INFO - 2026-05-25 07:00:34,929 INFO Sales transform: 9994 in -> 9986 clean records out
[2026-05-25T07:00:34.954+0000] {subprocess.py:93} INFO - 2026-05-25 07:00:34,954 INFO date_dim: 1237 unique dates
[2026-05-25T07:00:35.191+0000] {subprocess.py:93} INFO - 2026-05-25 07:00:35,191 INFO date_dim: 1237 rows loaded
[2026-05-25T07:00:37.823+0000] {subprocess.py:93} INFO - 2026-05-25 07:00:37,823 INFO sales_fact: 9986 rows loaded
[2026-05-25T07:00:37.830+0000] {subprocess.py:93} INFO - 2026-05-25 07:00:37,829 INFO DataPulse ETL completed successfully!
[2026-05-25T07:00:37.971+0000] {subprocess.py:97} INFO - Command exited with return code 0
[2026-05-25T07:00:38.025+0000] {taskinstance.py:1138} INFO - Marking task as SUCCESS. dag_id=datapulse_superstore_etl, task_id=load_to_warehouse, execution_date=20260525T070026, start_date=20260525T070032, end_date=20260525T070038
[2026-05-25T07:00:38.099+0000] {local_task_job_runner.py:234} INFO - Task exited with return code 0
[2026-05-25T07:00:38.136+0000] {taskinstance.py:3280} INFO - 1 downstream tasks scheduled from follow-on schedule check
