[2026-05-25T06:54:43.660+0000] {taskinstance.py:1956} INFO - Dependencies all met for dep_context=non-requeueable deps ti=<TaskInstance: datapulse_superstore_etl.load_to_warehouse manual__2026-05-25T06:42:56.814555+00:00 [queued]>
[2026-05-25T06:54:43.685+0000] {taskinstance.py:1956} INFO - Dependencies all met for dep_context=requeueable deps ti=<TaskInstance: datapulse_superstore_etl.load_to_warehouse manual__2026-05-25T06:42:56.814555+00:00 [queued]>
[2026-05-25T06:54:43.689+0000] {taskinstance.py:2170} INFO - Starting attempt 5 of 6
[2026-05-25T06:54:43.744+0000] {taskinstance.py:2191} INFO - Executing <Task(BashOperator): load_to_warehouse> on 2026-05-25 06:42:56.814555+00:00
[2026-05-25T06:54:43.757+0000] {standard_task_runner.py:60} INFO - Started process 575 to run task
[2026-05-25T06:54:43.765+0000] {standard_task_runner.py:87} INFO - Running: ['airflow', 'tasks', 'run', 'datapulse_superstore_etl', 'load_to_warehouse', 'manual__2026-05-25T06:42:56.814555+00:00', '--job-id', '25', '--raw', '--subdir', 'DAGS_FOLDER/datapulse_dag.py', '--cfg-path', '/tmp/tmpn_u1rdiz']
[2026-05-25T06:54:43.770+0000] {standard_task_runner.py:88} INFO - Job 25: Subtask load_to_warehouse
[2026-05-25T06:54:43.963+0000] {task_command.py:423} INFO - Running <TaskInstance: datapulse_superstore_etl.load_to_warehouse manual__2026-05-25T06:42:56.814555+00:00 [running]> on host 0e7463142bef
[2026-05-25T06:54:44.220+0000] {taskinstance.py:2480} INFO - Exporting env vars: AIRFLOW_CTX_DAG_OWNER='datapulse' AIRFLOW_CTX_DAG_ID='datapulse_superstore_etl' AIRFLOW_CTX_TASK_ID='load_to_warehouse' AIRFLOW_CTX_EXECUTION_DATE='2026-05-25T06:42:56.814555+00:00' AIRFLOW_CTX_TRY_NUMBER='5' AIRFLOW_CTX_DAG_RUN_ID='manual__2026-05-25T06:42:56.814555+00:00'
[2026-05-25T06:54:44.224+0000] {subprocess.py:63} INFO - Tmp dir root location: /tmp
[2026-05-25T06:54:44.226+0000] {subprocess.py:75} INFO - Running command: ['/usr/bin/bash', '-c', 'cd /opt/airflow && python loading/load.py']
[2026-05-25T06:54:44.246+0000] {subprocess.py:86} INFO - Output:
[2026-05-25T06:54:45.704+0000] {subprocess.py:93} INFO - 2026-05-25 06:54:45,704 INFO Connecting to: datapulse_postgres:5432
[2026-05-25T06:54:45.938+0000] {subprocess.py:93} INFO - loading/load.py:42: RemovedIn20Warning: Deprecated API features detected! These feature(s) are not compatible with SQLAlchemy 2.0. To prevent incompatible upgrades prior to updating applications, ensure requirements files are pinned to "sqlalchemy<2.0". Set environment variable SQLALCHEMY_WARN_20=1 to show all deprecation warnings.  Set environment variable SQLALCHEMY_SILENCE_UBER_WARNING=1 to silence this message. (Background on SQLAlchemy 2.0 at: https://sqlalche.me/e/b8d9)
[2026-05-25T06:54:45.939+0000] {subprocess.py:93} INFO -   conn.execute(text(
[2026-05-25T06:54:45.940+0000] {subprocess.py:93} INFO - 2026-05-25 06:54:45,938 WARNING Could not write etl_log: 'Connection' object has no attribute 'commit'
[2026-05-25T06:54:45.941+0000] {subprocess.py:93} INFO - 2026-05-25 06:54:45,938 ERROR ETL failed: 'Connection' object has no attribute 'commit'
[2026-05-25T06:54:45.953+0000] {subprocess.py:93} INFO - Traceback (most recent call last):
[2026-05-25T06:54:45.955+0000] {subprocess.py:93} INFO -   File "loading/load.py", line 112, in <module>
[2026-05-25T06:54:45.956+0000] {subprocess.py:93} INFO -     run()
[2026-05-25T06:54:45.957+0000] {subprocess.py:93} INFO -   File "loading/load.py", line 97, in run
[2026-05-25T06:54:45.958+0000] {subprocess.py:93} INFO -     truncate_tables(engine)
[2026-05-25T06:54:45.959+0000] {subprocess.py:93} INFO -   File "loading/load.py", line 45, in truncate_tables
[2026-05-25T06:54:45.960+0000] {subprocess.py:93} INFO -     conn.commit()
[2026-05-25T06:54:45.961+0000] {subprocess.py:93} INFO - AttributeError: 'Connection' object has no attribute 'commit'
[2026-05-25T06:54:46.099+0000] {subprocess.py:97} INFO - Command exited with return code 1
[2026-05-25T06:54:46.125+0000] {taskinstance.py:2698} ERROR - Task failed with exception
Traceback (most recent call last):
  File "/home/airflow/.local/lib/python3.8/site-packages/airflow/models/taskinstance.py", line 433, in _execute_task
    result = execute_callable(context=context, **execute_callable_kwargs)
  File "/home/airflow/.local/lib/python3.8/site-packages/airflow/operators/bash.py", line 212, in execute
    raise AirflowException(
airflow.exceptions.AirflowException: Bash command failed. The command returned a non-zero exit code 1.
[2026-05-25T06:54:46.141+0000] {taskinstance.py:1138} INFO - Marking task as UP_FOR_RETRY. dag_id=datapulse_superstore_etl, task_id=load_to_warehouse, execution_date=20260525T064256, start_date=20260525T065443, end_date=20260525T065446
[2026-05-25T06:54:46.173+0000] {standard_task_runner.py:107} ERROR - Failed to execute job 25 for task load_to_warehouse (Bash command failed. The command returned a non-zero exit code 1.; 575)
[2026-05-25T06:54:46.192+0000] {local_task_job_runner.py:234} INFO - Task exited with return code 1
[2026-05-25T06:54:46.239+0000] {taskinstance.py:3280} INFO - 0 downstream tasks scheduled from follow-on schedule check
