[2026-05-25T06:51:06.283+0000] {taskinstance.py:1956} INFO - Dependencies all met for dep_context=non-requeueable deps ti=<TaskInstance: datapulse_superstore_etl.load_to_warehouse scheduled__2026-05-24T00:00:00+00:00 [queued]>
[2026-05-25T06:51:06.299+0000] {taskinstance.py:1956} INFO - Dependencies all met for dep_context=requeueable deps ti=<TaskInstance: datapulse_superstore_etl.load_to_warehouse scheduled__2026-05-24T00:00:00+00:00 [queued]>
[2026-05-25T06:51:06.300+0000] {taskinstance.py:2170} INFO - Starting attempt 3 of 4
[2026-05-25T06:51:06.324+0000] {taskinstance.py:2191} INFO - Executing <Task(BashOperator): load_to_warehouse> on 2026-05-24 00:00:00+00:00
[2026-05-25T06:51:06.333+0000] {standard_task_runner.py:60} INFO - Started process 362 to run task
[2026-05-25T06:51:06.337+0000] {standard_task_runner.py:87} INFO - Running: ['airflow', 'tasks', 'run', 'datapulse_superstore_etl', 'load_to_warehouse', 'scheduled__2026-05-24T00:00:00+00:00', '--job-id', '11', '--raw', '--subdir', 'DAGS_FOLDER/datapulse_dag.py', '--cfg-path', '/tmp/tmpdiixbbms']
[2026-05-25T06:51:06.343+0000] {standard_task_runner.py:88} INFO - Job 11: Subtask load_to_warehouse
[2026-05-25T06:51:06.436+0000] {task_command.py:423} INFO - Running <TaskInstance: datapulse_superstore_etl.load_to_warehouse scheduled__2026-05-24T00:00:00+00:00 [running]> on host 0e7463142bef
[2026-05-25T06:51:06.573+0000] {taskinstance.py:2480} INFO - Exporting env vars: AIRFLOW_CTX_DAG_OWNER='datapulse' AIRFLOW_CTX_DAG_ID='datapulse_superstore_etl' AIRFLOW_CTX_TASK_ID='load_to_warehouse' AIRFLOW_CTX_EXECUTION_DATE='2026-05-24T00:00:00+00:00' AIRFLOW_CTX_TRY_NUMBER='3' AIRFLOW_CTX_DAG_RUN_ID='scheduled__2026-05-24T00:00:00+00:00'
[2026-05-25T06:51:06.576+0000] {subprocess.py:63} INFO - Tmp dir root location: /tmp
[2026-05-25T06:51:06.578+0000] {subprocess.py:75} INFO - Running command: ['/usr/bin/bash', '-c', 'cd /opt/airflow && python loading/load.py']
[2026-05-25T06:51:06.593+0000] {subprocess.py:86} INFO - Output:
[2026-05-25T06:51:07.792+0000] {subprocess.py:93} INFO - Traceback (most recent call last):
[2026-05-25T06:51:07.793+0000] {subprocess.py:93} INFO -   File "/home/airflow/.local/lib/python3.8/site-packages/sqlalchemy/engine/base.py", line 3371, in _wrap_pool_connect
[2026-05-25T06:51:07.794+0000] {subprocess.py:93} INFO -     return fn()
[2026-05-25T06:51:07.795+0000] {subprocess.py:93} INFO -   File "/home/airflow/.local/lib/python3.8/site-packages/sqlalchemy/pool/base.py", line 327, in connect
[2026-05-25T06:51:07.796+0000] {subprocess.py:93} INFO -     return _ConnectionFairy._checkout(self)
[2026-05-25T06:51:07.797+0000] {subprocess.py:93} INFO -   File "/home/airflow/.local/lib/python3.8/site-packages/sqlalchemy/pool/base.py", line 894, in _checkout
[2026-05-25T06:51:07.798+0000] {subprocess.py:93} INFO -     fairy = _ConnectionRecord.checkout(pool)
[2026-05-25T06:51:07.799+0000] {subprocess.py:93} INFO -   File "/home/airflow/.local/lib/python3.8/site-packages/sqlalchemy/pool/base.py", line 493, in checkout
[2026-05-25T06:51:07.800+0000] {subprocess.py:93} INFO -     rec = pool._do_get()
[2026-05-25T06:51:07.801+0000] {subprocess.py:93} INFO -   File "/home/airflow/.local/lib/python3.8/site-packages/sqlalchemy/pool/impl.py", line 146, in _do_get
[2026-05-25T06:51:07.801+0000] {subprocess.py:93} INFO -     self._dec_overflow()
[2026-05-25T06:51:07.802+0000] {subprocess.py:93} INFO -   File "/home/airflow/.local/lib/python3.8/site-packages/sqlalchemy/util/langhelpers.py", line 70, in __exit__
[2026-05-25T06:51:07.803+0000] {subprocess.py:93} INFO -     compat.raise_(
[2026-05-25T06:51:07.804+0000] {subprocess.py:93} INFO -   File "/home/airflow/.local/lib/python3.8/site-packages/sqlalchemy/util/compat.py", line 211, in raise_
[2026-05-25T06:51:07.805+0000] {subprocess.py:93} INFO -     raise exception
[2026-05-25T06:51:07.805+0000] {subprocess.py:93} INFO -   File "/home/airflow/.local/lib/python3.8/site-packages/sqlalchemy/pool/impl.py", line 143, in _do_get
[2026-05-25T06:51:07.806+0000] {subprocess.py:93} INFO -     return self._create_connection()
[2026-05-25T06:51:07.807+0000] {subprocess.py:93} INFO -   File "/home/airflow/.local/lib/python3.8/site-packages/sqlalchemy/pool/base.py", line 273, in _create_connection
[2026-05-25T06:51:07.808+0000] {subprocess.py:93} INFO -     return _ConnectionRecord(self)
[2026-05-25T06:51:07.809+0000] {subprocess.py:93} INFO -   File "/home/airflow/.local/lib/python3.8/site-packages/sqlalchemy/pool/base.py", line 388, in __init__
[2026-05-25T06:51:07.810+0000] {subprocess.py:93} INFO -     self.__connect()
[2026-05-25T06:51:07.812+0000] {subprocess.py:93} INFO -   File "/home/airflow/.local/lib/python3.8/site-packages/sqlalchemy/pool/base.py", line 691, in __connect
[2026-05-25T06:51:07.812+0000] {subprocess.py:93} INFO -     pool.logger.debug("Error on connect(): %s", e)
[2026-05-25T06:51:07.813+0000] {subprocess.py:93} INFO -   File "/home/airflow/.local/lib/python3.8/site-packages/sqlalchemy/util/langhelpers.py", line 70, in __exit__
[2026-05-25T06:51:07.814+0000] {subprocess.py:93} INFO -     compat.raise_(
[2026-05-25T06:51:07.815+0000] {subprocess.py:93} INFO -   File "/home/airflow/.local/lib/python3.8/site-packages/sqlalchemy/util/compat.py", line 211, in raise_
[2026-05-25T06:51:07.816+0000] {subprocess.py:93} INFO -     raise exception
[2026-05-25T06:51:07.817+0000] {subprocess.py:93} INFO -   File "/home/airflow/.local/lib/python3.8/site-packages/sqlalchemy/pool/base.py", line 686, in __connect
[2026-05-25T06:51:07.818+0000] {subprocess.py:93} INFO -     self.dbapi_connection = connection = pool._invoke_creator(self)
[2026-05-25T06:51:07.818+0000] {subprocess.py:93} INFO -   File "/home/airflow/.local/lib/python3.8/site-packages/sqlalchemy/engine/create.py", line 574, in connect
[2026-05-25T06:51:07.819+0000] {subprocess.py:93} INFO -     return dialect.connect(*cargs, **cparams)
[2026-05-25T06:51:07.820+0000] {subprocess.py:93} INFO -   File "/home/airflow/.local/lib/python3.8/site-packages/sqlalchemy/engine/default.py", line 598, in connect
[2026-05-25T06:51:07.821+0000] {subprocess.py:93} INFO -     return self.dbapi.connect(*cargs, **cparams)
[2026-05-25T06:51:07.821+0000] {subprocess.py:93} INFO -   File "/home/airflow/.local/lib/python3.8/site-packages/psycopg2/__init__.py", line 122, in connect
[2026-05-25T06:51:07.822+0000] {subprocess.py:93} INFO -     conn = _connect(dsn, connection_factory=connection_factory, **kwasync)
[2026-05-25T06:51:07.823+0000] {subprocess.py:93} INFO - psycopg2.OperationalError: connection to server at "localhost" (::1), port 5432 failed: Connection refused
[2026-05-25T06:51:07.824+0000] {subprocess.py:93} INFO - 	Is the server running on that host and accepting TCP/IP connections?
[2026-05-25T06:51:07.825+0000] {subprocess.py:93} INFO - connection to server at "localhost" (127.0.0.1), port 5432 failed: Connection refused
[2026-05-25T06:51:07.827+0000] {subprocess.py:93} INFO - 	Is the server running on that host and accepting TCP/IP connections?
[2026-05-25T06:51:07.828+0000] {subprocess.py:93} INFO - 
[2026-05-25T06:51:07.829+0000] {subprocess.py:93} INFO - 
[2026-05-25T06:51:07.830+0000] {subprocess.py:93} INFO - The above exception was the direct cause of the following exception:
[2026-05-25T06:51:07.831+0000] {subprocess.py:93} INFO - 
[2026-05-25T06:51:07.832+0000] {subprocess.py:93} INFO - Traceback (most recent call last):
[2026-05-25T06:51:07.832+0000] {subprocess.py:93} INFO -   File "loading/load.py", line 87, in run
[2026-05-25T06:51:07.833+0000] {subprocess.py:93} INFO -     truncate_tables(engine)
[2026-05-25T06:51:07.834+0000] {subprocess.py:93} INFO -   File "loading/load.py", line 31, in truncate_tables
[2026-05-25T06:51:07.835+0000] {subprocess.py:93} INFO -     with engine.connect() as conn:
[2026-05-25T06:51:07.835+0000] {subprocess.py:93} INFO -   File "/home/airflow/.local/lib/python3.8/site-packages/sqlalchemy/engine/base.py", line 3325, in connect
[2026-05-25T06:51:07.836+0000] {subprocess.py:93} INFO -     return self._connection_cls(self, close_with_result=close_with_result)
[2026-05-25T06:51:07.837+0000] {subprocess.py:93} INFO -   File "/home/airflow/.local/lib/python3.8/site-packages/sqlalchemy/engine/base.py", line 96, in __init__
[2026-05-25T06:51:07.838+0000] {subprocess.py:93} INFO -     else engine.raw_connection()
[2026-05-25T06:51:07.838+0000] {subprocess.py:93} INFO -   File "/home/airflow/.local/lib/python3.8/site-packages/sqlalchemy/engine/base.py", line 3404, in raw_connection
[2026-05-25T06:51:07.840+0000] {subprocess.py:93} INFO -     return self._wrap_pool_connect(self.pool.connect, _connection)
[2026-05-25T06:51:07.842+0000] {subprocess.py:93} INFO -   File "/home/airflow/.local/lib/python3.8/site-packages/sqlalchemy/engine/base.py", line 3374, in _wrap_pool_connect
[2026-05-25T06:51:07.843+0000] {subprocess.py:93} INFO -     Connection._handle_dbapi_exception_noconnection(
[2026-05-25T06:51:07.844+0000] {subprocess.py:93} INFO -   File "/home/airflow/.local/lib/python3.8/site-packages/sqlalchemy/engine/base.py", line 2208, in _handle_dbapi_exception_noconnection
[2026-05-25T06:51:07.845+0000] {subprocess.py:93} INFO -     util.raise_(
[2026-05-25T06:51:07.846+0000] {subprocess.py:93} INFO -   File "/home/airflow/.local/lib/python3.8/site-packages/sqlalchemy/util/compat.py", line 211, in raise_
[2026-05-25T06:51:07.847+0000] {subprocess.py:93} INFO -     raise exception
[2026-05-25T06:51:07.848+0000] {subprocess.py:93} INFO -   File "/home/airflow/.local/lib/python3.8/site-packages/sqlalchemy/engine/base.py", line 3371, in _wrap_pool_connect
[2026-05-25T06:51:07.848+0000] {subprocess.py:93} INFO -     return fn()
[2026-05-25T06:51:07.849+0000] {subprocess.py:93} INFO -   File "/home/airflow/.local/lib/python3.8/site-packages/sqlalchemy/pool/base.py", line 327, in connect
[2026-05-25T06:51:07.850+0000] {subprocess.py:93} INFO -     return _ConnectionFairy._checkout(self)
[2026-05-25T06:51:07.851+0000] {subprocess.py:93} INFO -   File "/home/airflow/.local/lib/python3.8/site-packages/sqlalchemy/pool/base.py", line 894, in _checkout
[2026-05-25T06:51:07.851+0000] {subprocess.py:93} INFO -     fairy = _ConnectionRecord.checkout(pool)
[2026-05-25T06:51:07.852+0000] {subprocess.py:93} INFO -   File "/home/airflow/.local/lib/python3.8/site-packages/sqlalchemy/pool/base.py", line 493, in checkout
[2026-05-25T06:51:07.853+0000] {subprocess.py:93} INFO -     rec = pool._do_get()
[2026-05-25T06:51:07.854+0000] {subprocess.py:93} INFO -   File "/home/airflow/.local/lib/python3.8/site-packages/sqlalchemy/pool/impl.py", line 146, in _do_get
[2026-05-25T06:51:07.854+0000] {subprocess.py:93} INFO -     self._dec_overflow()
[2026-05-25T06:51:07.855+0000] {subprocess.py:93} INFO -   File "/home/airflow/.local/lib/python3.8/site-packages/sqlalchemy/util/langhelpers.py", line 70, in __exit__
[2026-05-25T06:51:07.856+0000] {subprocess.py:93} INFO -     compat.raise_(
[2026-05-25T06:51:07.856+0000] {subprocess.py:93} INFO -   File "/home/airflow/.local/lib/python3.8/site-packages/sqlalchemy/util/compat.py", line 211, in raise_
[2026-05-25T06:51:07.857+0000] {subprocess.py:93} INFO -     raise exception
[2026-05-25T06:51:07.859+0000] {subprocess.py:93} INFO -   File "/home/airflow/.local/lib/python3.8/site-packages/sqlalchemy/pool/impl.py", line 143, in _do_get
[2026-05-25T06:51:07.859+0000] {subprocess.py:93} INFO -     return self._create_connection()
[2026-05-25T06:51:07.860+0000] {subprocess.py:93} INFO -   File "/home/airflow/.local/lib/python3.8/site-packages/sqlalchemy/pool/base.py", line 273, in _create_connection
[2026-05-25T06:51:07.862+0000] {subprocess.py:93} INFO -     return _ConnectionRecord(self)
[2026-05-25T06:51:07.863+0000] {subprocess.py:93} INFO -   File "/home/airflow/.local/lib/python3.8/site-packages/sqlalchemy/pool/base.py", line 388, in __init__
[2026-05-25T06:51:07.864+0000] {subprocess.py:93} INFO -     self.__connect()
[2026-05-25T06:51:07.865+0000] {subprocess.py:93} INFO -   File "/home/airflow/.local/lib/python3.8/site-packages/sqlalchemy/pool/base.py", line 691, in __connect
[2026-05-25T06:51:07.866+0000] {subprocess.py:93} INFO -     pool.logger.debug("Error on connect(): %s", e)
[2026-05-25T06:51:07.867+0000] {subprocess.py:93} INFO -   File "/home/airflow/.local/lib/python3.8/site-packages/sqlalchemy/util/langhelpers.py", line 70, in __exit__
[2026-05-25T06:51:07.868+0000] {subprocess.py:93} INFO -     compat.raise_(
[2026-05-25T06:51:07.869+0000] {subprocess.py:93} INFO -   File "/home/airflow/.local/lib/python3.8/site-packages/sqlalchemy/util/compat.py", line 211, in raise_
[2026-05-25T06:51:07.869+0000] {subprocess.py:93} INFO -     raise exception
[2026-05-25T06:51:07.870+0000] {subprocess.py:93} INFO -   File "/home/airflow/.local/lib/python3.8/site-packages/sqlalchemy/pool/base.py", line 686, in __connect
[2026-05-25T06:51:07.871+0000] {subprocess.py:93} INFO -     self.dbapi_connection = connection = pool._invoke_creator(self)
[2026-05-25T06:51:07.872+0000] {subprocess.py:93} INFO -   File "/home/airflow/.local/lib/python3.8/site-packages/sqlalchemy/engine/create.py", line 574, in connect
[2026-05-25T06:51:07.872+0000] {subprocess.py:93} INFO -     return dialect.connect(*cargs, **cparams)
[2026-05-25T06:51:07.874+0000] {subprocess.py:93} INFO -   File "/home/airflow/.local/lib/python3.8/site-packages/sqlalchemy/engine/default.py", line 598, in connect
[2026-05-25T06:51:07.875+0000] {subprocess.py:93} INFO -     return self.dbapi.connect(*cargs, **cparams)
[2026-05-25T06:51:07.876+0000] {subprocess.py:93} INFO -   File "/home/airflow/.local/lib/python3.8/site-packages/psycopg2/__init__.py", line 122, in connect
[2026-05-25T06:51:07.877+0000] {subprocess.py:93} INFO -     conn = _connect(dsn, connection_factory=connection_factory, **kwasync)
[2026-05-25T06:51:07.878+0000] {subprocess.py:93} INFO - sqlalchemy.exc.OperationalError: (psycopg2.OperationalError) connection to server at "localhost" (::1), port 5432 failed: Connection refused
[2026-05-25T06:51:07.879+0000] {subprocess.py:93} INFO - 	Is the server running on that host and accepting TCP/IP connections?
[2026-05-25T06:51:07.881+0000] {subprocess.py:93} INFO - connection to server at "localhost" (127.0.0.1), port 5432 failed: Connection refused
[2026-05-25T06:51:07.883+0000] {subprocess.py:93} INFO - 	Is the server running on that host and accepting TCP/IP connections?
[2026-05-25T06:51:07.887+0000] {subprocess.py:93} INFO - 
[2026-05-25T06:51:07.892+0000] {subprocess.py:93} INFO - (Background on this error at: https://sqlalche.me/e/14/e3q8)
[2026-05-25T06:51:07.896+0000] {subprocess.py:93} INFO - 
[2026-05-25T06:51:07.897+0000] {subprocess.py:93} INFO - During handling of the above exception, another exception occurred:
[2026-05-25T06:51:07.898+0000] {subprocess.py:93} INFO - 
[2026-05-25T06:51:07.899+0000] {subprocess.py:93} INFO - Traceback (most recent call last):
[2026-05-25T06:51:07.900+0000] {subprocess.py:93} INFO -   File "/home/airflow/.local/lib/python3.8/site-packages/sqlalchemy/engine/base.py", line 3371, in _wrap_pool_connect
[2026-05-25T06:51:07.901+0000] {subprocess.py:93} INFO -     return fn()
[2026-05-25T06:51:07.903+0000] {subprocess.py:93} INFO -   File "/home/airflow/.local/lib/python3.8/site-packages/sqlalchemy/pool/base.py", line 327, in connect
[2026-05-25T06:51:07.904+0000] {subprocess.py:93} INFO -     return _ConnectionFairy._checkout(self)
[2026-05-25T06:51:07.907+0000] {subprocess.py:93} INFO -   File "/home/airflow/.local/lib/python3.8/site-packages/sqlalchemy/pool/base.py", line 894, in _checkout
[2026-05-25T06:51:07.909+0000] {subprocess.py:93} INFO -     fairy = _ConnectionRecord.checkout(pool)
[2026-05-25T06:51:07.911+0000] {subprocess.py:93} INFO -   File "/home/airflow/.local/lib/python3.8/site-packages/sqlalchemy/pool/base.py", line 493, in checkout
[2026-05-25T06:51:07.912+0000] {subprocess.py:93} INFO -     rec = pool._do_get()
[2026-05-25T06:51:07.913+0000] {subprocess.py:93} INFO -   File "/home/airflow/.local/lib/python3.8/site-packages/sqlalchemy/pool/impl.py", line 146, in _do_get
[2026-05-25T06:51:07.915+0000] {subprocess.py:93} INFO -     self._dec_overflow()
[2026-05-25T06:51:07.916+0000] {subprocess.py:93} INFO -   File "/home/airflow/.local/lib/python3.8/site-packages/sqlalchemy/util/langhelpers.py", line 70, in __exit__
[2026-05-25T06:51:07.917+0000] {subprocess.py:93} INFO -     compat.raise_(
[2026-05-25T06:51:07.918+0000] {subprocess.py:93} INFO -   File "/home/airflow/.local/lib/python3.8/site-packages/sqlalchemy/util/compat.py", line 211, in raise_
[2026-05-25T06:51:07.920+0000] {subprocess.py:93} INFO -     raise exception
[2026-05-25T06:51:07.921+0000] {subprocess.py:93} INFO -   File "/home/airflow/.local/lib/python3.8/site-packages/sqlalchemy/pool/impl.py", line 143, in _do_get
[2026-05-25T06:51:07.922+0000] {subprocess.py:93} INFO -     return self._create_connection()
[2026-05-25T06:51:07.924+0000] {subprocess.py:93} INFO -   File "/home/airflow/.local/lib/python3.8/site-packages/sqlalchemy/pool/base.py", line 273, in _create_connection
[2026-05-25T06:51:07.925+0000] {subprocess.py:93} INFO -     return _ConnectionRecord(self)
[2026-05-25T06:51:07.926+0000] {subprocess.py:93} INFO -   File "/home/airflow/.local/lib/python3.8/site-packages/sqlalchemy/pool/base.py", line 388, in __init__
[2026-05-25T06:51:07.927+0000] {subprocess.py:93} INFO -     self.__connect()
[2026-05-25T06:51:07.928+0000] {subprocess.py:93} INFO -   File "/home/airflow/.local/lib/python3.8/site-packages/sqlalchemy/pool/base.py", line 691, in __connect
[2026-05-25T06:51:07.929+0000] {subprocess.py:93} INFO -     pool.logger.debug("Error on connect(): %s", e)
[2026-05-25T06:51:07.930+0000] {subprocess.py:93} INFO -   File "/home/airflow/.local/lib/python3.8/site-packages/sqlalchemy/util/langhelpers.py", line 70, in __exit__
[2026-05-25T06:51:07.931+0000] {subprocess.py:93} INFO -     compat.raise_(
[2026-05-25T06:51:07.932+0000] {subprocess.py:93} INFO -   File "/home/airflow/.local/lib/python3.8/site-packages/sqlalchemy/util/compat.py", line 211, in raise_
[2026-05-25T06:51:07.933+0000] {subprocess.py:93} INFO -     raise exception
[2026-05-25T06:51:07.934+0000] {subprocess.py:93} INFO -   File "/home/airflow/.local/lib/python3.8/site-packages/sqlalchemy/pool/base.py", line 686, in __connect
[2026-05-25T06:51:07.935+0000] {subprocess.py:93} INFO -     self.dbapi_connection = connection = pool._invoke_creator(self)
[2026-05-25T06:51:07.936+0000] {subprocess.py:93} INFO -   File "/home/airflow/.local/lib/python3.8/site-packages/sqlalchemy/engine/create.py", line 574, in connect
[2026-05-25T06:51:07.937+0000] {subprocess.py:93} INFO -     return dialect.connect(*cargs, **cparams)
[2026-05-25T06:51:07.938+0000] {subprocess.py:93} INFO -   File "/home/airflow/.local/lib/python3.8/site-packages/sqlalchemy/engine/default.py", line 598, in connect
[2026-05-25T06:51:07.939+0000] {subprocess.py:93} INFO -     return self.dbapi.connect(*cargs, **cparams)
[2026-05-25T06:51:07.941+0000] {subprocess.py:93} INFO -   File "/home/airflow/.local/lib/python3.8/site-packages/psycopg2/__init__.py", line 122, in connect
[2026-05-25T06:51:07.942+0000] {subprocess.py:93} INFO -     conn = _connect(dsn, connection_factory=connection_factory, **kwasync)
[2026-05-25T06:51:07.944+0000] {subprocess.py:93} INFO - psycopg2.OperationalError: connection to server at "localhost" (::1), port 5432 failed: Connection refused
[2026-05-25T06:51:07.945+0000] {subprocess.py:93} INFO - 	Is the server running on that host and accepting TCP/IP connections?
[2026-05-25T06:51:07.946+0000] {subprocess.py:93} INFO - connection to server at "localhost" (127.0.0.1), port 5432 failed: Connection refused
[2026-05-25T06:51:07.947+0000] {subprocess.py:93} INFO - 	Is the server running on that host and accepting TCP/IP connections?
[2026-05-25T06:51:07.948+0000] {subprocess.py:93} INFO - 
[2026-05-25T06:51:07.949+0000] {subprocess.py:93} INFO - 
[2026-05-25T06:51:07.953+0000] {subprocess.py:93} INFO - The above exception was the direct cause of the following exception:
[2026-05-25T06:51:07.954+0000] {subprocess.py:93} INFO - 
[2026-05-25T06:51:07.955+0000] {subprocess.py:93} INFO - Traceback (most recent call last):
[2026-05-25T06:51:07.956+0000] {subprocess.py:93} INFO -   File "loading/load.py", line 102, in <module>
[2026-05-25T06:51:07.957+0000] {subprocess.py:93} INFO -     run()
[2026-05-25T06:51:07.959+0000] {subprocess.py:93} INFO -   File "loading/load.py", line 96, in run
[2026-05-25T06:51:07.960+0000] {subprocess.py:93} INFO -     log_etl_run(engine, "FAILED", 0, 0, str(e))
[2026-05-25T06:51:07.962+0000] {subprocess.py:93} INFO -   File "loading/load.py", line 75, in log_etl_run
[2026-05-25T06:51:07.963+0000] {subprocess.py:93} INFO -     with engine.connect() as conn:
[2026-05-25T06:51:07.965+0000] {subprocess.py:93} INFO -   File "/home/airflow/.local/lib/python3.8/site-packages/sqlalchemy/engine/base.py", line 3325, in connect
[2026-05-25T06:51:07.966+0000] {subprocess.py:93} INFO -     return self._connection_cls(self, close_with_result=close_with_result)
[2026-05-25T06:51:07.967+0000] {subprocess.py:93} INFO -   File "/home/airflow/.local/lib/python3.8/site-packages/sqlalchemy/engine/base.py", line 96, in __init__
[2026-05-25T06:51:07.967+0000] {subprocess.py:93} INFO -     else engine.raw_connection()
[2026-05-25T06:51:07.968+0000] {subprocess.py:93} INFO -   File "/home/airflow/.local/lib/python3.8/site-packages/sqlalchemy/engine/base.py", line 3404, in raw_connection
[2026-05-25T06:51:07.969+0000] {subprocess.py:93} INFO -     return self._wrap_pool_connect(self.pool.connect, _connection)
[2026-05-25T06:51:07.970+0000] {subprocess.py:93} INFO -   File "/home/airflow/.local/lib/python3.8/site-packages/sqlalchemy/engine/base.py", line 3374, in _wrap_pool_connect
[2026-05-25T06:51:07.974+0000] {subprocess.py:93} INFO -     Connection._handle_dbapi_exception_noconnection(
[2026-05-25T06:51:07.975+0000] {subprocess.py:93} INFO -   File "/home/airflow/.local/lib/python3.8/site-packages/sqlalchemy/engine/base.py", line 2208, in _handle_dbapi_exception_noconnection
[2026-05-25T06:51:07.976+0000] {subprocess.py:93} INFO -     util.raise_(
[2026-05-25T06:51:07.978+0000] {subprocess.py:93} INFO -   File "/home/airflow/.local/lib/python3.8/site-packages/sqlalchemy/util/compat.py", line 211, in raise_
[2026-05-25T06:51:07.978+0000] {subprocess.py:93} INFO -     raise exception
[2026-05-25T06:51:07.979+0000] {subprocess.py:93} INFO -   File "/home/airflow/.local/lib/python3.8/site-packages/sqlalchemy/engine/base.py", line 3371, in _wrap_pool_connect
[2026-05-25T06:51:07.980+0000] {subprocess.py:93} INFO -     return fn()
[2026-05-25T06:51:07.981+0000] {subprocess.py:93} INFO -   File "/home/airflow/.local/lib/python3.8/site-packages/sqlalchemy/pool/base.py", line 327, in connect
[2026-05-25T06:51:07.982+0000] {subprocess.py:93} INFO -     return _ConnectionFairy._checkout(self)
[2026-05-25T06:51:07.982+0000] {subprocess.py:93} INFO -   File "/home/airflow/.local/lib/python3.8/site-packages/sqlalchemy/pool/base.py", line 894, in _checkout
[2026-05-25T06:51:07.983+0000] {subprocess.py:93} INFO -     fairy = _ConnectionRecord.checkout(pool)
[2026-05-25T06:51:07.984+0000] {subprocess.py:93} INFO -   File "/home/airflow/.local/lib/python3.8/site-packages/sqlalchemy/pool/base.py", line 493, in checkout
[2026-05-25T06:51:07.984+0000] {subprocess.py:93} INFO -     rec = pool._do_get()
[2026-05-25T06:51:07.985+0000] {subprocess.py:93} INFO -   File "/home/airflow/.local/lib/python3.8/site-packages/sqlalchemy/pool/impl.py", line 146, in _do_get
[2026-05-25T06:51:07.986+0000] {subprocess.py:93} INFO -     self._dec_overflow()
[2026-05-25T06:51:07.986+0000] {subprocess.py:93} INFO -   File "/home/airflow/.local/lib/python3.8/site-packages/sqlalchemy/util/langhelpers.py", line 70, in __exit__
[2026-05-25T06:51:07.987+0000] {subprocess.py:93} INFO -     compat.raise_(
[2026-05-25T06:51:07.988+0000] {subprocess.py:93} INFO -   File "/home/airflow/.local/lib/python3.8/site-packages/sqlalchemy/util/compat.py", line 211, in raise_
[2026-05-25T06:51:07.989+0000] {subprocess.py:93} INFO -     raise exception
[2026-05-25T06:51:07.990+0000] {subprocess.py:93} INFO -   File "/home/airflow/.local/lib/python3.8/site-packages/sqlalchemy/pool/impl.py", line 143, in _do_get
[2026-05-25T06:51:07.991+0000] {subprocess.py:93} INFO -     return self._create_connection()
[2026-05-25T06:51:07.992+0000] {subprocess.py:93} INFO -   File "/home/airflow/.local/lib/python3.8/site-packages/sqlalchemy/pool/base.py", line 273, in _create_connection
[2026-05-25T06:51:07.993+0000] {subprocess.py:93} INFO -     return _ConnectionRecord(self)
[2026-05-25T06:51:07.994+0000] {subprocess.py:93} INFO -   File "/home/airflow/.local/lib/python3.8/site-packages/sqlalchemy/pool/base.py", line 388, in __init__
[2026-05-25T06:51:07.995+0000] {subprocess.py:93} INFO -     self.__connect()
[2026-05-25T06:51:07.996+0000] {subprocess.py:93} INFO -   File "/home/airflow/.local/lib/python3.8/site-packages/sqlalchemy/pool/base.py", line 691, in __connect
[2026-05-25T06:51:07.997+0000] {subprocess.py:93} INFO -     pool.logger.debug("Error on connect(): %s", e)
[2026-05-25T06:51:07.998+0000] {subprocess.py:93} INFO -   File "/home/airflow/.local/lib/python3.8/site-packages/sqlalchemy/util/langhelpers.py", line 70, in __exit__
[2026-05-25T06:51:08.001+0000] {subprocess.py:93} INFO -     compat.raise_(
[2026-05-25T06:51:08.002+0000] {subprocess.py:93} INFO -   File "/home/airflow/.local/lib/python3.8/site-packages/sqlalchemy/util/compat.py", line 211, in raise_
[2026-05-25T06:51:08.003+0000] {subprocess.py:93} INFO -     raise exception
[2026-05-25T06:51:08.003+0000] {subprocess.py:93} INFO -   File "/home/airflow/.local/lib/python3.8/site-packages/sqlalchemy/pool/base.py", line 686, in __connect
[2026-05-25T06:51:08.004+0000] {subprocess.py:93} INFO -     self.dbapi_connection = connection = pool._invoke_creator(self)
[2026-05-25T06:51:08.005+0000] {subprocess.py:93} INFO -   File "/home/airflow/.local/lib/python3.8/site-packages/sqlalchemy/engine/create.py", line 574, in connect
[2026-05-25T06:51:08.009+0000] {subprocess.py:93} INFO -     return dialect.connect(*cargs, **cparams)
[2026-05-25T06:51:08.010+0000] {subprocess.py:93} INFO -   File "/home/airflow/.local/lib/python3.8/site-packages/sqlalchemy/engine/default.py", line 598, in connect
[2026-05-25T06:51:08.011+0000] {subprocess.py:93} INFO -     return self.dbapi.connect(*cargs, **cparams)
[2026-05-25T06:51:08.012+0000] {subprocess.py:93} INFO -   File "/home/airflow/.local/lib/python3.8/site-packages/psycopg2/__init__.py", line 122, in connect
[2026-05-25T06:51:08.013+0000] {subprocess.py:93} INFO -     conn = _connect(dsn, connection_factory=connection_factory, **kwasync)
[2026-05-25T06:51:08.015+0000] {subprocess.py:93} INFO - sqlalchemy.exc.OperationalError: (psycopg2.OperationalError) connection to server at "localhost" (::1), port 5432 failed: Connection refused
[2026-05-25T06:51:08.017+0000] {subprocess.py:93} INFO - 	Is the server running on that host and accepting TCP/IP connections?
[2026-05-25T06:51:08.018+0000] {subprocess.py:93} INFO - connection to server at "localhost" (127.0.0.1), port 5432 failed: Connection refused
[2026-05-25T06:51:08.022+0000] {subprocess.py:93} INFO - 	Is the server running on that host and accepting TCP/IP connections?
[2026-05-25T06:51:08.024+0000] {subprocess.py:93} INFO - 
[2026-05-25T06:51:08.025+0000] {subprocess.py:93} INFO - (Background on this error at: https://sqlalche.me/e/14/e3q8)
[2026-05-25T06:51:08.026+0000] {subprocess.py:97} INFO - Command exited with return code 1
[2026-05-25T06:51:08.049+0000] {taskinstance.py:2698} ERROR - Task failed with exception
Traceback (most recent call last):
  File "/home/airflow/.local/lib/python3.8/site-packages/airflow/models/taskinstance.py", line 433, in _execute_task
    result = execute_callable(context=context, **execute_callable_kwargs)
  File "/home/airflow/.local/lib/python3.8/site-packages/airflow/operators/bash.py", line 212, in execute
    raise AirflowException(
airflow.exceptions.AirflowException: Bash command failed. The command returned a non-zero exit code 1.
[2026-05-25T06:51:08.053+0000] {taskinstance.py:1138} INFO - Marking task as UP_FOR_RETRY. dag_id=datapulse_superstore_etl, task_id=load_to_warehouse, execution_date=20260524T000000, start_date=20260525T065106, end_date=20260525T065108
[2026-05-25T06:51:08.077+0000] {standard_task_runner.py:107} ERROR - Failed to execute job 11 for task load_to_warehouse (Bash command failed. The command returned a non-zero exit code 1.; 362)
[2026-05-25T06:51:08.120+0000] {local_task_job_runner.py:234} INFO - Task exited with return code 1
[2026-05-25T06:51:08.165+0000] {taskinstance.py:3280} INFO - 0 downstream tasks scheduled from follow-on schedule check
