[2026-05-25T06:52:45.936+0000] {taskinstance.py:1956} INFO - Dependencies all met for dep_context=non-requeueable deps ti=<TaskInstance: datapulse_superstore_etl.extract manual__2026-05-25T06:51:56.727752+00:00 [queued]>
[2026-05-25T06:52:45.948+0000] {taskinstance.py:1956} INFO - Dependencies all met for dep_context=requeueable deps ti=<TaskInstance: datapulse_superstore_etl.extract manual__2026-05-25T06:51:56.727752+00:00 [queued]>
[2026-05-25T06:52:45.949+0000] {taskinstance.py:2170} INFO - Starting attempt 2 of 4
[2026-05-25T06:52:45.971+0000] {taskinstance.py:2191} INFO - Executing <Task(BashOperator): extract> on 2026-05-25 06:51:56.727752+00:00
[2026-05-25T06:52:45.976+0000] {standard_task_runner.py:60} INFO - Started process 471 to run task
[2026-05-25T06:52:45.981+0000] {standard_task_runner.py:87} INFO - Running: ['airflow', 'tasks', 'run', 'datapulse_superstore_etl', 'extract', 'manual__2026-05-25T06:51:56.727752+00:00', '--job-id', '18', '--raw', '--subdir', 'DAGS_FOLDER/datapulse_dag.py', '--cfg-path', '/tmp/tmpujip7khl']
[2026-05-25T06:52:45.985+0000] {standard_task_runner.py:88} INFO - Job 18: Subtask extract
[2026-05-25T06:52:46.071+0000] {task_command.py:423} INFO - Running <TaskInstance: datapulse_superstore_etl.extract manual__2026-05-25T06:51:56.727752+00:00 [running]> on host 0e7463142bef
[2026-05-25T06:52:46.190+0000] {taskinstance.py:2480} INFO - Exporting env vars: AIRFLOW_CTX_DAG_OWNER='datapulse' AIRFLOW_CTX_DAG_ID='datapulse_superstore_etl' AIRFLOW_CTX_TASK_ID='extract' AIRFLOW_CTX_EXECUTION_DATE='2026-05-25T06:51:56.727752+00:00' AIRFLOW_CTX_TRY_NUMBER='2' AIRFLOW_CTX_DAG_RUN_ID='manual__2026-05-25T06:51:56.727752+00:00'
[2026-05-25T06:52:46.191+0000] {subprocess.py:63} INFO - Tmp dir root location: /tmp
[2026-05-25T06:52:46.193+0000] {subprocess.py:75} INFO - Running command: ['/usr/bin/bash', '-c', 'cd /opt/airflow && python extraction/extract.py']
[2026-05-25T06:52:46.206+0000] {subprocess.py:86} INFO - Output:
[2026-05-25T06:52:46.919+0000] {subprocess.py:93} INFO - 2026-05-25 06:52:46,918 INFO Reading data/superstore.csv ...
[2026-05-25T06:52:46.998+0000] {subprocess.py:93} INFO - 2026-05-25 06:52:46,998 INFO Loaded 9994 raw rows, 21 columns
[2026-05-25T06:52:47.018+0000] {subprocess.py:93} INFO - 2026-05-25 06:52:47,018 INFO customer_dim: 793 unique customers
[2026-05-25T06:52:47.038+0000] {subprocess.py:93} INFO - 2026-05-25 06:52:47,038 INFO product_dim: 1862 unique products
[2026-05-25T06:52:47.139+0000] {subprocess.py:93} INFO - 2026-05-25 06:52:47,139 INFO sales_raw: 9994 rows extracted
[2026-05-25T06:52:47.140+0000] {subprocess.py:93} INFO - 2026-05-25 06:52:47,139 INFO Extraction complete!
[2026-05-25T06:52:47.228+0000] {subprocess.py:97} INFO - Command exited with return code 0
[2026-05-25T06:52:47.279+0000] {taskinstance.py:1138} INFO - Marking task as SUCCESS. dag_id=datapulse_superstore_etl, task_id=extract, execution_date=20260525T065156, start_date=20260525T065245, end_date=20260525T065247
[2026-05-25T06:52:47.318+0000] {local_task_job_runner.py:234} INFO - Task exited with return code 0
[2026-05-25T06:52:47.362+0000] {taskinstance.py:3280} INFO - 1 downstream tasks scheduled from follow-on schedule check
