[2026-05-25T06:36:19.048+0000] {manager.py:469} INFO - Processing files using up to 2 processes at a time 
[2026-05-25T06:36:19.049+0000] {manager.py:470} INFO - Process each file at most once every 30 seconds
[2026-05-25T06:36:19.050+0000] {manager.py:471} INFO - Checking for new files in /opt/airflow/dags every 300 seconds
[2026-05-25T06:36:19.051+0000] {manager.py:738} INFO - Searching for files in /opt/airflow/dags
[2026-05-25T06:36:19.070+0000] {manager.py:741} INFO - There are 1 files in /opt/airflow/dags
[2026-05-25T06:36:19.253+0000] {manager.py:879} INFO - 
================================================================================
DAG File Processing Stats

File Path                             PID  Runtime      # DAGs    # Errors  Last Runtime    Last Run
----------------------------------  -----  ---------  --------  ----------  --------------  ----------
/opt/airflow/dags/datapulse_dag.py    167  0.06s             0           0
================================================================================
[2026-05-25T06:36:49.455+0000] {manager.py:879} INFO - 
================================================================================
DAG File Processing Stats

File Path                           PID    Runtime      # DAGs    # Errors  Last Runtime    Last Run
----------------------------------  -----  ---------  --------  ----------  --------------  -------------------
/opt/airflow/dags/datapulse_dag.py                           1           0  0.64s           2026-05-25T06:36:19
================================================================================
[2026-05-25T06:37:19.535+0000] {manager.py:879} INFO - 
================================================================================
DAG File Processing Stats

File Path                           PID    Runtime      # DAGs    # Errors  Last Runtime    Last Run
----------------------------------  -----  ---------  --------  ----------  --------------  -------------------
/opt/airflow/dags/datapulse_dag.py                           1           0  0.31s           2026-05-25T06:36:50
================================================================================
[2026-05-25T06:37:49.746+0000] {manager.py:879} INFO - 
================================================================================
DAG File Processing Stats

File Path                           PID    Runtime      # DAGs    # Errors  Last Runtime    Last Run
----------------------------------  -----  ---------  --------  ----------  --------------  -------------------
/opt/airflow/dags/datapulse_dag.py                           1           0  0.15s           2026-05-25T06:37:20
================================================================================
[2026-05-25T06:38:20.132+0000] {manager.py:879} INFO - 
================================================================================
DAG File Processing Stats

File Path                           PID    Runtime      # DAGs    # Errors  Last Runtime    Last Run
----------------------------------  -----  ---------  --------  ----------  --------------  -------------------
/opt/airflow/dags/datapulse_dag.py                           1           0  0.20s           2026-05-25T06:37:50
================================================================================
[2026-05-25T06:38:50.383+0000] {manager.py:879} INFO - 
================================================================================
DAG File Processing Stats

File Path                           PID    Runtime      # DAGs    # Errors  Last Runtime    Last Run
----------------------------------  -----  ---------  --------  ----------  --------------  -------------------
/opt/airflow/dags/datapulse_dag.py                           1           0  0.15s           2026-05-25T06:38:21
================================================================================
[2026-05-25T06:39:20.787+0000] {manager.py:879} INFO - 
================================================================================
DAG File Processing Stats

File Path                           PID    Runtime      # DAGs    # Errors  Last Runtime    Last Run
----------------------------------  -----  ---------  --------  ----------  --------------  -------------------
/opt/airflow/dags/datapulse_dag.py                           1           0  0.18s           2026-05-25T06:38:51
================================================================================
[2026-05-25T06:39:51.030+0000] {manager.py:879} INFO - 
================================================================================
DAG File Processing Stats

File Path                           PID    Runtime      # DAGs    # Errors  Last Runtime    Last Run
----------------------------------  -----  ---------  --------  ----------  --------------  -------------------
/opt/airflow/dags/datapulse_dag.py                           1           0  0.27s           2026-05-25T06:39:22
================================================================================
[2026-05-25T06:40:21.462+0000] {manager.py:879} INFO - 
================================================================================
DAG File Processing Stats

File Path                           PID    Runtime      # DAGs    # Errors  Last Runtime    Last Run
----------------------------------  -----  ---------  --------  ----------  --------------  -------------------
/opt/airflow/dags/datapulse_dag.py                           1           0  0.15s           2026-05-25T06:39:52
================================================================================
[2026-05-25T06:40:51.816+0000] {manager.py:879} INFO - 
================================================================================
DAG File Processing Stats

File Path                           PID    Runtime      # DAGs    # Errors  Last Runtime    Last Run
----------------------------------  -----  ---------  --------  ----------  --------------  -------------------
/opt/airflow/dags/datapulse_dag.py                           1           0  0.15s           2026-05-25T06:40:22
================================================================================
[2026-05-25T06:41:19.135+0000] {manager.py:738} INFO - Searching for files in /opt/airflow/dags
[2026-05-25T06:41:19.162+0000] {manager.py:741} INFO - There are 1 files in /opt/airflow/dags
[2026-05-25T06:41:22.038+0000] {manager.py:879} INFO - 
================================================================================
DAG File Processing Stats

File Path                           PID    Runtime      # DAGs    # Errors  Last Runtime    Last Run
----------------------------------  -----  ---------  --------  ----------  --------------  -------------------
/opt/airflow/dags/datapulse_dag.py                           1           0  0.15s           2026-05-25T06:40:52
================================================================================
[2026-05-25T06:41:52.396+0000] {manager.py:879} INFO - 
================================================================================
DAG File Processing Stats

File Path                           PID    Runtime      # DAGs    # Errors  Last Runtime    Last Run
----------------------------------  -----  ---------  --------  ----------  --------------  -------------------
/opt/airflow/dags/datapulse_dag.py                           1           0  0.42s           2026-05-25T06:41:23
================================================================================
[2026-05-25T06:42:22.850+0000] {manager.py:879} INFO - 
================================================================================
DAG File Processing Stats

File Path                           PID    Runtime      # DAGs    # Errors  Last Runtime    Last Run
----------------------------------  -----  ---------  --------  ----------  --------------  -------------------
/opt/airflow/dags/datapulse_dag.py                           1           0  0.23s           2026-05-25T06:41:53
================================================================================
[2026-05-25T06:42:53.277+0000] {manager.py:879} INFO - 
================================================================================
DAG File Processing Stats

File Path                           PID    Runtime      # DAGs    # Errors  Last Runtime    Last Run
----------------------------------  -----  ---------  --------  ----------  --------------  -------------------
/opt/airflow/dags/datapulse_dag.py                           1           0  0.19s           2026-05-25T06:42:24
================================================================================
[2026-05-25T06:43:23.658+0000] {manager.py:879} INFO - 
================================================================================
DAG File Processing Stats

File Path                           PID    Runtime      # DAGs    # Errors  Last Runtime    Last Run
----------------------------------  -----  ---------  --------  ----------  --------------  -------------------
/opt/airflow/dags/datapulse_dag.py                           1           0  0.17s           2026-05-25T06:42:54
================================================================================
[2026-05-25T06:43:53.866+0000] {manager.py:879} INFO - 
================================================================================
DAG File Processing Stats

File Path                           PID    Runtime      # DAGs    # Errors  Last Runtime    Last Run
----------------------------------  -----  ---------  --------  ----------  --------------  -------------------
/opt/airflow/dags/datapulse_dag.py                           1           0  0.16s           2026-05-25T06:43:24
================================================================================
[2026-05-25T06:44:24.246+0000] {manager.py:879} INFO - 
================================================================================
DAG File Processing Stats

File Path                           PID    Runtime      # DAGs    # Errors  Last Runtime    Last Run
----------------------------------  -----  ---------  --------  ----------  --------------  -------------------
/opt/airflow/dags/datapulse_dag.py                           1           0  0.17s           2026-05-25T06:43:55
================================================================================
[2026-05-25T06:44:54.481+0000] {manager.py:879} INFO - 
================================================================================
DAG File Processing Stats

File Path                           PID    Runtime      # DAGs    # Errors  Last Runtime    Last Run
----------------------------------  -----  ---------  --------  ----------  --------------  -------------------
/opt/airflow/dags/datapulse_dag.py                           1           0  0.17s           2026-05-25T06:44:25
================================================================================
[2026-05-25T06:45:24.857+0000] {manager.py:879} INFO - 
================================================================================
DAG File Processing Stats

File Path                           PID    Runtime      # DAGs    # Errors  Last Runtime    Last Run
----------------------------------  -----  ---------  --------  ----------  --------------  -------------------
/opt/airflow/dags/datapulse_dag.py                           1           0  0.22s           2026-05-25T06:44:55
================================================================================
[2026-05-25T06:45:55.078+0000] {manager.py:879} INFO - 
================================================================================
DAG File Processing Stats

File Path                           PID    Runtime      # DAGs    # Errors  Last Runtime    Last Run
----------------------------------  -----  ---------  --------  ----------  --------------  -------------------
/opt/airflow/dags/datapulse_dag.py                           1           0  0.19s           2026-05-25T06:45:26
================================================================================
[2026-05-25T06:46:19.383+0000] {manager.py:738} INFO - Searching for files in /opt/airflow/dags
[2026-05-25T06:46:19.405+0000] {manager.py:741} INFO - There are 1 files in /opt/airflow/dags
[2026-05-25T06:46:25.457+0000] {manager.py:879} INFO - 
================================================================================
DAG File Processing Stats

File Path                           PID    Runtime      # DAGs    # Errors  Last Runtime    Last Run
----------------------------------  -----  ---------  --------  ----------  --------------  -------------------
/opt/airflow/dags/datapulse_dag.py                           1           0  0.17s           2026-05-25T06:45:56
================================================================================
[2026-05-25T06:46:55.834+0000] {manager.py:879} INFO - 
================================================================================
DAG File Processing Stats

File Path                           PID    Runtime      # DAGs    # Errors  Last Runtime    Last Run
----------------------------------  -----  ---------  --------  ----------  --------------  -------------------
/opt/airflow/dags/datapulse_dag.py                           1           0  0.21s           2026-05-25T06:46:26
================================================================================
[2026-05-25T06:47:26.072+0000] {manager.py:879} INFO - 
================================================================================
DAG File Processing Stats

File Path                           PID    Runtime      # DAGs    # Errors  Last Runtime    Last Run
----------------------------------  -----  ---------  --------  ----------  --------------  -------------------
/opt/airflow/dags/datapulse_dag.py                           1           0  0.17s           2026-05-25T06:46:57
================================================================================
[2026-05-25T06:47:56.448+0000] {manager.py:879} INFO - 
================================================================================
DAG File Processing Stats

File Path                           PID    Runtime      # DAGs    # Errors  Last Runtime    Last Run
----------------------------------  -----  ---------  --------  ----------  --------------  -------------------
/opt/airflow/dags/datapulse_dag.py                           1           0  0.18s           2026-05-25T06:47:27
================================================================================
[2026-05-25T06:48:26.689+0000] {manager.py:879} INFO - 
================================================================================
DAG File Processing Stats

File Path                           PID    Runtime      # DAGs    # Errors  Last Runtime    Last Run
----------------------------------  -----  ---------  --------  ----------  --------------  -------------------
/opt/airflow/dags/datapulse_dag.py                           1           0  0.19s           2026-05-25T06:47:57
================================================================================
[2026-05-25T06:48:57.078+0000] {manager.py:879} INFO - 
================================================================================
DAG File Processing Stats

File Path                           PID    Runtime      # DAGs    # Errors  Last Runtime    Last Run
----------------------------------  -----  ---------  --------  ----------  --------------  -------------------
/opt/airflow/dags/datapulse_dag.py                           1           0  0.18s           2026-05-25T06:48:27
================================================================================
[2026-05-25T06:49:27.366+0000] {manager.py:879} INFO - 
================================================================================
DAG File Processing Stats

File Path                           PID    Runtime      # DAGs    # Errors  Last Runtime    Last Run
----------------------------------  -----  ---------  --------  ----------  --------------  -------------------
/opt/airflow/dags/datapulse_dag.py                           1           0  0.18s           2026-05-25T06:48:58
================================================================================
[2026-05-25T06:49:57.691+0000] {manager.py:879} INFO - 
================================================================================
DAG File Processing Stats

File Path                           PID    Runtime      # DAGs    # Errors  Last Runtime    Last Run
----------------------------------  -----  ---------  --------  ----------  --------------  -------------------
/opt/airflow/dags/datapulse_dag.py                           1           0  0.18s           2026-05-25T06:49:28
================================================================================
[2026-05-25T06:50:27.955+0000] {manager.py:879} INFO - 
================================================================================
DAG File Processing Stats

File Path                           PID    Runtime      # DAGs    # Errors  Last Runtime    Last Run
----------------------------------  -----  ---------  --------  ----------  --------------  -------------------
/opt/airflow/dags/datapulse_dag.py                           1           0  0.16s           2026-05-25T06:49:58
================================================================================
[2026-05-25T06:50:58.347+0000] {manager.py:879} INFO - 
================================================================================
DAG File Processing Stats

File Path                           PID    Runtime      # DAGs    # Errors  Last Runtime    Last Run
----------------------------------  -----  ---------  --------  ----------  --------------  -------------------
/opt/airflow/dags/datapulse_dag.py                           1           0  0.21s           2026-05-25T06:50:57
================================================================================
[2026-05-25T06:51:19.486+0000] {manager.py:738} INFO - Searching for files in /opt/airflow/dags
[2026-05-25T06:51:19.534+0000] {manager.py:741} INFO - There are 1 files in /opt/airflow/dags
[2026-05-25T06:51:28.653+0000] {manager.py:879} INFO - 
================================================================================
DAG File Processing Stats

File Path                           PID    Runtime      # DAGs    # Errors  Last Runtime    Last Run
----------------------------------  -----  ---------  --------  ----------  --------------  -------------------
/opt/airflow/dags/datapulse_dag.py                           1           0  0.18s           2026-05-25T06:51:27
================================================================================
[2026-05-25T06:51:58.993+0000] {manager.py:879} INFO - 
================================================================================
DAG File Processing Stats

File Path                           PID    Runtime      # DAGs    # Errors  Last Runtime    Last Run
----------------------------------  -----  ---------  --------  ----------  --------------  -------------------
/opt/airflow/dags/datapulse_dag.py                           1           0  0.32s           2026-05-25T06:51:58
================================================================================
[2026-05-25T06:52:29.449+0000] {manager.py:879} INFO - 
================================================================================
DAG File Processing Stats

File Path                           PID    Runtime      # DAGs    # Errors  Last Runtime    Last Run
----------------------------------  -----  ---------  --------  ----------  --------------  -------------------
/opt/airflow/dags/datapulse_dag.py                           1           0  0.16s           2026-05-25T06:52:28
================================================================================
[2026-05-25T06:52:59.789+0000] {manager.py:879} INFO - 
================================================================================
DAG File Processing Stats

File Path                           PID    Runtime      # DAGs    # Errors  Last Runtime    Last Run
----------------------------------  -----  ---------  --------  ----------  --------------  -------------------
/opt/airflow/dags/datapulse_dag.py                           1           0  0.18s           2026-05-25T06:52:58
================================================================================
[2026-05-25T06:53:30.073+0000] {manager.py:879} INFO - 
================================================================================
DAG File Processing Stats

File Path                           PID    Runtime      # DAGs    # Errors  Last Runtime    Last Run
----------------------------------  -----  ---------  --------  ----------  --------------  -------------------
/opt/airflow/dags/datapulse_dag.py                           1           0  0.23s           2026-05-25T06:53:29
================================================================================
[2026-05-25T06:54:00.467+0000] {manager.py:879} INFO - 
================================================================================
DAG File Processing Stats

File Path                           PID    Runtime      # DAGs    # Errors  Last Runtime    Last Run
----------------------------------  -----  ---------  --------  ----------  --------------  -------------------
/opt/airflow/dags/datapulse_dag.py                           1           0  0.16s           2026-05-25T06:53:59
================================================================================
[2026-05-25T06:54:30.682+0000] {manager.py:879} INFO - 
================================================================================
DAG File Processing Stats

File Path                           PID    Runtime      # DAGs    # Errors  Last Runtime    Last Run
----------------------------------  -----  ---------  --------  ----------  --------------  -------------------
/opt/airflow/dags/datapulse_dag.py                           1           0  0.18s           2026-05-25T06:54:29
================================================================================
[2026-05-25T06:55:01.084+0000] {manager.py:879} INFO - 
================================================================================
DAG File Processing Stats

File Path                           PID    Runtime      # DAGs    # Errors  Last Runtime    Last Run
----------------------------------  -----  ---------  --------  ----------  --------------  -------------------
/opt/airflow/dags/datapulse_dag.py                           1           0  0.31s           2026-05-25T06:55:00
================================================================================
[2026-05-25T06:55:31.342+0000] {manager.py:879} INFO - 
================================================================================
DAG File Processing Stats

File Path                           PID    Runtime      # DAGs    # Errors  Last Runtime    Last Run
----------------------------------  -----  ---------  --------  ----------  --------------  -------------------
/opt/airflow/dags/datapulse_dag.py                           1           0  0.16s           2026-05-25T06:55:30
================================================================================
[2026-05-25T06:56:01.729+0000] {manager.py:879} INFO - 
================================================================================
DAG File Processing Stats

File Path                           PID    Runtime      # DAGs    # Errors  Last Runtime    Last Run
----------------------------------  -----  ---------  --------  ----------  --------------  -------------------
/opt/airflow/dags/datapulse_dag.py                           1           0  0.24s           2026-05-25T06:56:00
================================================================================
[2026-05-25T06:56:19.895+0000] {manager.py:738} INFO - Searching for files in /opt/airflow/dags
[2026-05-25T06:56:19.917+0000] {manager.py:741} INFO - There are 1 files in /opt/airflow/dags
[2026-05-25T06:56:32.053+0000] {manager.py:879} INFO - 
================================================================================
DAG File Processing Stats

File Path                           PID    Runtime      # DAGs    # Errors  Last Runtime    Last Run
----------------------------------  -----  ---------  --------  ----------  --------------  -------------------
/opt/airflow/dags/datapulse_dag.py                           1           0  0.16s           2026-05-25T06:56:31
================================================================================
[2026-05-25T06:57:02.389+0000] {manager.py:879} INFO - 
================================================================================
DAG File Processing Stats

File Path                           PID    Runtime      # DAGs    # Errors  Last Runtime    Last Run
----------------------------------  -----  ---------  --------  ----------  --------------  -------------------
/opt/airflow/dags/datapulse_dag.py                           1           0  0.20s           2026-05-25T06:57:01
================================================================================
[2026-05-25T06:57:32.638+0000] {manager.py:879} INFO - 
================================================================================
DAG File Processing Stats

File Path                           PID    Runtime      # DAGs    # Errors  Last Runtime    Last Run
----------------------------------  -----  ---------  --------  ----------  --------------  -------------------
/opt/airflow/dags/datapulse_dag.py                           1           0  0.26s           2026-05-25T06:57:31
================================================================================
[2026-05-25T06:58:03.062+0000] {manager.py:879} INFO - 
================================================================================
DAG File Processing Stats

File Path                           PID    Runtime      # DAGs    # Errors  Last Runtime    Last Run
----------------------------------  -----  ---------  --------  ----------  --------------  -------------------
/opt/airflow/dags/datapulse_dag.py                           1           0  0.31s           2026-05-25T06:58:02
================================================================================
[2026-05-25T06:58:33.470+0000] {manager.py:879} INFO - 
================================================================================
DAG File Processing Stats

File Path                           PID    Runtime      # DAGs    # Errors  Last Runtime    Last Run
----------------------------------  -----  ---------  --------  ----------  --------------  -------------------
/opt/airflow/dags/datapulse_dag.py                           1           0  0.17s           2026-05-25T06:58:32
================================================================================
[2026-05-25T06:59:03.717+0000] {manager.py:879} INFO - 
================================================================================
DAG File Processing Stats

File Path                           PID    Runtime      # DAGs    # Errors  Last Runtime    Last Run
----------------------------------  -----  ---------  --------  ----------  --------------  -------------------
/opt/airflow/dags/datapulse_dag.py                           1           0  0.19s           2026-05-25T06:59:02
================================================================================
[2026-05-25T06:59:34.077+0000] {manager.py:879} INFO - 
================================================================================
DAG File Processing Stats

File Path                           PID    Runtime      # DAGs    # Errors  Last Runtime    Last Run
----------------------------------  -----  ---------  --------  ----------  --------------  -------------------
/opt/airflow/dags/datapulse_dag.py                           1           0  0.19s           2026-05-25T06:59:33
================================================================================
[2026-05-25T07:00:04.341+0000] {manager.py:879} INFO - 
================================================================================
DAG File Processing Stats

File Path                           PID    Runtime      # DAGs    # Errors  Last Runtime    Last Run
----------------------------------  -----  ---------  --------  ----------  --------------  -------------------
/opt/airflow/dags/datapulse_dag.py                           1           0  0.36s           2026-05-25T07:00:03
================================================================================
[2026-05-25T07:00:34.888+0000] {manager.py:879} INFO - 
================================================================================
DAG File Processing Stats

File Path                           PID    Runtime      # DAGs    # Errors  Last Runtime    Last Run
----------------------------------  -----  ---------  --------  ----------  --------------  -------------------
/opt/airflow/dags/datapulse_dag.py                           1           0  0.28s           2026-05-25T07:00:34
================================================================================
[2026-05-25T07:01:05.391+0000] {manager.py:879} INFO - 
================================================================================
DAG File Processing Stats

File Path                           PID    Runtime      # DAGs    # Errors  Last Runtime    Last Run
----------------------------------  -----  ---------  --------  ----------  --------------  -------------------
/opt/airflow/dags/datapulse_dag.py                           1           0  0.28s           2026-05-25T07:01:04
================================================================================
[2026-05-25T07:01:20.485+0000] {manager.py:738} INFO - Searching for files in /opt/airflow/dags
[2026-05-25T07:01:20.508+0000] {manager.py:741} INFO - There are 1 files in /opt/airflow/dags
[2026-05-25T07:01:35.893+0000] {manager.py:879} INFO - 
================================================================================
DAG File Processing Stats

File Path                           PID    Runtime      # DAGs    # Errors  Last Runtime    Last Run
----------------------------------  -----  ---------  --------  ----------  --------------  -------------------
/opt/airflow/dags/datapulse_dag.py                           1           0  0.20s           2026-05-25T07:01:35
================================================================================
[2026-05-25T07:02:06.357+0000] {manager.py:879} INFO - 
================================================================================
DAG File Processing Stats

File Path                           PID    Runtime      # DAGs    # Errors  Last Runtime    Last Run
----------------------------------  -----  ---------  --------  ----------  --------------  -------------------
/opt/airflow/dags/datapulse_dag.py                           1           0  0.45s           2026-05-25T07:02:05
================================================================================
[2026-05-25T07:02:36.750+0000] {manager.py:879} INFO - 
================================================================================
DAG File Processing Stats

File Path                           PID    Runtime      # DAGs    # Errors  Last Runtime    Last Run
----------------------------------  -----  ---------  --------  ----------  --------------  -------------------
/opt/airflow/dags/datapulse_dag.py                           1           0  0.17s           2026-05-25T07:02:35
================================================================================
[2026-05-25T07:03:07.129+0000] {manager.py:879} INFO - 
================================================================================
DAG File Processing Stats

File Path                           PID    Runtime      # DAGs    # Errors  Last Runtime    Last Run
----------------------------------  -----  ---------  --------  ----------  --------------  -------------------
/opt/airflow/dags/datapulse_dag.py                           1           0  0.20s           2026-05-25T07:03:06
================================================================================
[2026-05-25T07:03:37.366+0000] {manager.py:879} INFO - 
================================================================================
DAG File Processing Stats

File Path                           PID    Runtime      # DAGs    # Errors  Last Runtime    Last Run
----------------------------------  -----  ---------  --------  ----------  --------------  -------------------
/opt/airflow/dags/datapulse_dag.py                           1           0  0.24s           2026-05-25T07:03:36
================================================================================
[2026-05-25T07:04:07.810+0000] {manager.py:879} INFO - 
================================================================================
DAG File Processing Stats

File Path                           PID    Runtime      # DAGs    # Errors  Last Runtime    Last Run
----------------------------------  -----  ---------  --------  ----------  --------------  -------------------
/opt/airflow/dags/datapulse_dag.py                           1           0  0.30s           2026-05-25T07:04:07
================================================================================
[2026-05-25T07:04:38.286+0000] {manager.py:879} INFO - 
================================================================================
DAG File Processing Stats

File Path                           PID    Runtime      # DAGs    # Errors  Last Runtime    Last Run
----------------------------------  -----  ---------  --------  ----------  --------------  -------------------
/opt/airflow/dags/datapulse_dag.py                           1           0  0.16s           2026-05-25T07:04:37
================================================================================
[2026-05-25T07:05:08.604+0000] {manager.py:879} INFO - 
================================================================================
DAG File Processing Stats

File Path                           PID    Runtime      # DAGs    # Errors  Last Runtime    Last Run
----------------------------------  -----  ---------  --------  ----------  --------------  -------------------
/opt/airflow/dags/datapulse_dag.py                           1           0  0.16s           2026-05-25T07:05:07
================================================================================
[2026-05-25T07:05:38.825+0000] {manager.py:879} INFO - 
================================================================================
DAG File Processing Stats

File Path                           PID    Runtime      # DAGs    # Errors  Last Runtime    Last Run
----------------------------------  -----  ---------  --------  ----------  --------------  -------------------
/opt/airflow/dags/datapulse_dag.py                           1           0  0.18s           2026-05-25T07:05:37
================================================================================
[2026-05-25T07:06:09.140+0000] {manager.py:879} INFO - 
================================================================================
DAG File Processing Stats

File Path                           PID    Runtime      # DAGs    # Errors  Last Runtime    Last Run
----------------------------------  -----  ---------  --------  ----------  --------------  -------------------
/opt/airflow/dags/datapulse_dag.py                           1           0  0.17s           2026-05-25T07:06:08
================================================================================
[2026-05-25T07:06:21.217+0000] {manager.py:738} INFO - Searching for files in /opt/airflow/dags
[2026-05-25T07:06:21.242+0000] {manager.py:741} INFO - There are 1 files in /opt/airflow/dags
[2026-05-25T07:06:39.396+0000] {manager.py:879} INFO - 
================================================================================
DAG File Processing Stats

File Path                           PID    Runtime      # DAGs    # Errors  Last Runtime    Last Run
----------------------------------  -----  ---------  --------  ----------  --------------  -------------------
/opt/airflow/dags/datapulse_dag.py                           1           0  0.18s           2026-05-25T07:06:38
================================================================================
[2026-05-25T07:07:09.790+0000] {manager.py:879} INFO - 
================================================================================
DAG File Processing Stats

File Path                           PID    Runtime      # DAGs    # Errors  Last Runtime    Last Run
----------------------------------  -----  ---------  --------  ----------  --------------  -------------------
/opt/airflow/dags/datapulse_dag.py                           1           0  0.29s           2026-05-25T07:07:08
================================================================================
[2026-05-25T07:07:40.133+0000] {manager.py:879} INFO - 
================================================================================
DAG File Processing Stats

File Path                           PID    Runtime      # DAGs    # Errors  Last Runtime    Last Run
----------------------------------  -----  ---------  --------  ----------  --------------  -------------------
/opt/airflow/dags/datapulse_dag.py                           1           0  0.21s           2026-05-25T07:07:39
================================================================================
[2026-05-25T07:08:10.431+0000] {manager.py:879} INFO - 
================================================================================
DAG File Processing Stats

File Path                           PID    Runtime      # DAGs    # Errors  Last Runtime    Last Run
----------------------------------  -----  ---------  --------  ----------  --------------  -------------------
/opt/airflow/dags/datapulse_dag.py                           1           0  0.17s           2026-05-25T07:08:09
================================================================================
[2026-05-25T07:08:40.768+0000] {manager.py:879} INFO - 
================================================================================
DAG File Processing Stats

File Path                           PID    Runtime      # DAGs    # Errors  Last Runtime    Last Run
----------------------------------  -----  ---------  --------  ----------  --------------  -------------------
/opt/airflow/dags/datapulse_dag.py                           1           0  0.25s           2026-05-25T07:08:39
================================================================================
[2026-05-25T07:09:11.083+0000] {manager.py:879} INFO - 
================================================================================
DAG File Processing Stats

File Path                           PID    Runtime      # DAGs    # Errors  Last Runtime    Last Run
----------------------------------  -----  ---------  --------  ----------  --------------  -------------------
/opt/airflow/dags/datapulse_dag.py                           1           0  0.24s           2026-05-25T07:09:10
================================================================================
[2026-05-25T07:09:41.395+0000] {manager.py:879} INFO - 
================================================================================
DAG File Processing Stats

File Path                           PID    Runtime      # DAGs    # Errors  Last Runtime    Last Run
----------------------------------  -----  ---------  --------  ----------  --------------  -------------------
/opt/airflow/dags/datapulse_dag.py                           1           0  0.21s           2026-05-25T07:09:40
================================================================================
[2026-05-25T07:10:11.894+0000] {manager.py:879} INFO - 
================================================================================
DAG File Processing Stats

File Path                           PID    Runtime      # DAGs    # Errors  Last Runtime    Last Run
----------------------------------  -----  ---------  --------  ----------  --------------  -------------------
/opt/airflow/dags/datapulse_dag.py                           1           0  0.49s           2026-05-25T07:10:11
================================================================================
[2026-05-25T07:10:41.957+0000] {manager.py:879} INFO - 
================================================================================
DAG File Processing Stats

File Path                           PID    Runtime      # DAGs    # Errors  Last Runtime    Last Run
----------------------------------  -----  ---------  --------  ----------  --------------  -------------------
/opt/airflow/dags/datapulse_dag.py                           1           0  0.33s           2026-05-25T07:10:41
================================================================================
[2026-05-25T07:11:12.186+0000] {manager.py:879} INFO - 
================================================================================
DAG File Processing Stats

File Path                             PID  Runtime      # DAGs    # Errors  Last Runtime    Last Run
----------------------------------  -----  ---------  --------  ----------  --------------  -------------------
/opt/airflow/dags/datapulse_dag.py    948  0.01s             1           0  0.33s           2026-05-25T07:10:41
================================================================================
[2026-05-25T07:11:21.257+0000] {manager.py:738} INFO - Searching for files in /opt/airflow/dags
[2026-05-25T07:11:21.287+0000] {manager.py:741} INFO - There are 1 files in /opt/airflow/dags
[2026-05-25T07:11:42.470+0000] {manager.py:879} INFO - 
================================================================================
DAG File Processing Stats

File Path                             PID  Runtime      # DAGs    # Errors  Last Runtime    Last Run
----------------------------------  -----  ---------  --------  ----------  --------------  -------------------
/opt/airflow/dags/datapulse_dag.py    953  0.01s             1           0  0.22s           2026-05-25T07:11:12
================================================================================
[2026-05-25T07:12:12.823+0000] {manager.py:879} INFO - 
================================================================================
DAG File Processing Stats

File Path                             PID  Runtime      # DAGs    # Errors  Last Runtime    Last Run
----------------------------------  -----  ---------  --------  ----------  --------------  -------------------
/opt/airflow/dags/datapulse_dag.py    958  0.01s             1           0  0.22s           2026-05-25T07:11:42
================================================================================
[2026-05-25T07:12:43.079+0000] {manager.py:879} INFO - 
================================================================================
DAG File Processing Stats

File Path                             PID  Runtime      # DAGs    # Errors  Last Runtime    Last Run
----------------------------------  -----  ---------  --------  ----------  --------------  -------------------
/opt/airflow/dags/datapulse_dag.py    963  0.01s             1           0  0.21s           2026-05-25T07:12:13
================================================================================
[2026-05-25T07:13:13.426+0000] {manager.py:879} INFO - 
================================================================================
DAG File Processing Stats

File Path                             PID  Runtime      # DAGs    # Errors  Last Runtime    Last Run
----------------------------------  -----  ---------  --------  ----------  --------------  -------------------
/opt/airflow/dags/datapulse_dag.py    968  0.00s             1           0  0.16s           2026-05-25T07:12:43
================================================================================
[2026-05-25T07:13:43.646+0000] {manager.py:879} INFO - 
================================================================================
DAG File Processing Stats

File Path                             PID  Runtime      # DAGs    # Errors  Last Runtime    Last Run
----------------------------------  -----  ---------  --------  ----------  --------------  -------------------
/opt/airflow/dags/datapulse_dag.py    973  0.01s             1           0  0.15s           2026-05-25T07:13:13
================================================================================
[2026-05-25T07:14:13.949+0000] {manager.py:879} INFO - 
================================================================================
DAG File Processing Stats

File Path                             PID  Runtime      # DAGs    # Errors  Last Runtime    Last Run
----------------------------------  -----  ---------  --------  ----------  --------------  -------------------
/opt/airflow/dags/datapulse_dag.py    978  0.01s             1           0  0.18s           2026-05-25T07:13:43
================================================================================
[2026-05-25T07:14:44.209+0000] {manager.py:879} INFO - 
================================================================================
DAG File Processing Stats

File Path                             PID  Runtime      # DAGs    # Errors  Last Runtime    Last Run
----------------------------------  -----  ---------  --------  ----------  --------------  -------------------
/opt/airflow/dags/datapulse_dag.py    983  0.00s             1           0  0.23s           2026-05-25T07:14:14
================================================================================
[2026-05-25T07:15:14.568+0000] {manager.py:879} INFO - 
================================================================================
DAG File Processing Stats

File Path                             PID  Runtime      # DAGs    # Errors  Last Runtime    Last Run
----------------------------------  -----  ---------  --------  ----------  --------------  -------------------
/opt/airflow/dags/datapulse_dag.py    988  0.01s             1           0  0.16s           2026-05-25T07:14:44
================================================================================
[2026-05-25T07:15:44.779+0000] {manager.py:879} INFO - 
================================================================================
DAG File Processing Stats

File Path                           PID    Runtime      # DAGs    # Errors  Last Runtime    Last Run
----------------------------------  -----  ---------  --------  ----------  --------------  -------------------
/opt/airflow/dags/datapulse_dag.py                           1           0  0.22s           2026-05-25T07:15:14
================================================================================
[2026-05-25T07:16:15.158+0000] {manager.py:879} INFO - 
================================================================================
DAG File Processing Stats

File Path                             PID  Runtime      # DAGs    # Errors  Last Runtime    Last Run
----------------------------------  -----  ---------  --------  ----------  --------------  -------------------
/opt/airflow/dags/datapulse_dag.py    998  0.01s             1           0  0.17s           2026-05-25T07:15:45
================================================================================
[2026-05-25T07:16:21.344+0000] {manager.py:738} INFO - Searching for files in /opt/airflow/dags
[2026-05-25T07:16:21.365+0000] {manager.py:741} INFO - There are 1 files in /opt/airflow/dags
[2026-05-25T07:16:45.576+0000] {manager.py:879} INFO - 
================================================================================
DAG File Processing Stats

File Path                             PID  Runtime      # DAGs    # Errors  Last Runtime    Last Run
----------------------------------  -----  ---------  --------  ----------  --------------  -------------------
/opt/airflow/dags/datapulse_dag.py   1003  0.01s             1           0  0.16s           2026-05-25T07:16:15
================================================================================
[2026-05-25T07:17:15.791+0000] {manager.py:879} INFO - 
================================================================================
DAG File Processing Stats

File Path                             PID  Runtime      # DAGs    # Errors  Last Runtime    Last Run
----------------------------------  -----  ---------  --------  ----------  --------------  -------------------
/opt/airflow/dags/datapulse_dag.py   1008  0.01s             1           0  0.18s           2026-05-25T07:16:45
================================================================================
[2026-05-25T07:17:46.154+0000] {manager.py:879} INFO - 
================================================================================
DAG File Processing Stats

File Path                             PID  Runtime      # DAGs    # Errors  Last Runtime    Last Run
----------------------------------  -----  ---------  --------  ----------  --------------  -------------------
/opt/airflow/dags/datapulse_dag.py   1013  0.00s             1           0  0.26s           2026-05-25T07:17:16
================================================================================
[2026-05-25T07:18:16.443+0000] {manager.py:879} INFO - 
================================================================================
DAG File Processing Stats

File Path                             PID  Runtime      # DAGs    # Errors  Last Runtime    Last Run
----------------------------------  -----  ---------  --------  ----------  --------------  -------------------
/opt/airflow/dags/datapulse_dag.py   1018  0.01s             1           0  0.17s           2026-05-25T07:17:46
================================================================================
[2026-05-25T07:18:46.698+0000] {manager.py:879} INFO - 
================================================================================
DAG File Processing Stats

File Path                             PID  Runtime      # DAGs    # Errors  Last Runtime    Last Run
----------------------------------  -----  ---------  --------  ----------  --------------  -------------------
/opt/airflow/dags/datapulse_dag.py   1023  0.01s             1           0  0.18s           2026-05-25T07:18:16
================================================================================
[2026-05-25T07:19:17.020+0000] {manager.py:879} INFO - 
================================================================================
DAG File Processing Stats

File Path                             PID  Runtime      # DAGs    # Errors  Last Runtime    Last Run
----------------------------------  -----  ---------  --------  ----------  --------------  -------------------
/opt/airflow/dags/datapulse_dag.py   1028  0.01s             1           0  0.23s           2026-05-25T07:18:46
================================================================================
