[2026-05-25T07:00:28.153+0000] {taskinstance.py:1956} INFO - Dependencies all met for dep_context=non-requeueable deps ti=<TaskInstance: datapulse_superstore_etl.extract manual__2026-05-25T07:00:26.987045+00:00 [queued]>
[2026-05-25T07:00:28.175+0000] {taskinstance.py:1956} INFO - Dependencies all met for dep_context=requeueable deps ti=<TaskInstance: datapulse_superstore_etl.extract manual__2026-05-25T07:00:26.987045+00:00 [queued]>
[2026-05-25T07:00:28.176+0000] {taskinstance.py:2170} INFO - Starting attempt 1 of 3
[2026-05-25T07:00:28.219+0000] {taskinstance.py:2191} INFO - Executing <Task(BashOperator): extract> on 2026-05-25 07:00:26.987045+00:00
[2026-05-25T07:00:28.230+0000] {standard_task_runner.py:60} INFO - Started process 796 to run task
[2026-05-25T07:00:28.239+0000] {standard_task_runner.py:87} INFO - Running: ['airflow', 'tasks', 'run', 'datapulse_superstore_etl', 'extract', 'manual__2026-05-25T07:00:26.987045+00:00', '--job-id', '35', '--raw', '--subdir', 'DAGS_FOLDER/datapulse_dag.py', '--cfg-path', '/tmp/tmpmaq5jfwn']
[2026-05-25T07:00:28.242+0000] {standard_task_runner.py:88} INFO - Job 35: Subtask extract
[2026-05-25T07:00:28.363+0000] {task_command.py:423} INFO - Running <TaskInstance: datapulse_superstore_etl.extract manual__2026-05-25T07:00:26.987045+00:00 [running]> on host 0e7463142bef
[2026-05-25T07:00:28.518+0000] {taskinstance.py:2480} INFO - Exporting env vars: AIRFLOW_CTX_DAG_OWNER='datapulse' AIRFLOW_CTX_DAG_ID='datapulse_superstore_etl' AIRFLOW_CTX_TASK_ID='extract' AIRFLOW_CTX_EXECUTION_DATE='2026-05-25T07:00:26.987045+00:00' AIRFLOW_CTX_TRY_NUMBER='1' AIRFLOW_CTX_DAG_RUN_ID='manual__2026-05-25T07:00:26.987045+00:00'
[2026-05-25T07:00:28.520+0000] {subprocess.py:63} INFO - Tmp dir root location: /tmp
[2026-05-25T07:00:28.522+0000] {subprocess.py:75} INFO - Running command: ['/usr/bin/bash', '-c', 'cd /opt/airflow && python extraction/extract.py']
[2026-05-25T07:00:28.536+0000] {subprocess.py:86} INFO - Output:
[2026-05-25T07:00:29.298+0000] {subprocess.py:93} INFO - 2026-05-25 07:00:29,298 INFO Reading data/superstore.csv ...
[2026-05-25T07:00:29.383+0000] {subprocess.py:93} INFO - 2026-05-25 07:00:29,383 INFO Loaded 9994 raw rows, 21 columns
[2026-05-25T07:00:29.400+0000] {subprocess.py:93} INFO - 2026-05-25 07:00:29,400 INFO customer_dim: 793 unique customers
[2026-05-25T07:00:29.423+0000] {subprocess.py:93} INFO - 2026-05-25 07:00:29,422 INFO product_dim: 1862 unique products
[2026-05-25T07:00:29.535+0000] {subprocess.py:93} INFO - 2026-05-25 07:00:29,535 INFO sales_raw: 9994 rows extracted
[2026-05-25T07:00:29.536+0000] {subprocess.py:93} INFO - 2026-05-25 07:00:29,535 INFO Extraction complete!
[2026-05-25T07:00:29.658+0000] {subprocess.py:97} INFO - Command exited with return code 0
[2026-05-25T07:00:29.713+0000] {taskinstance.py:1138} INFO - Marking task as SUCCESS. dag_id=datapulse_superstore_etl, task_id=extract, execution_date=20260525T070026, start_date=20260525T070028, end_date=20260525T070029
[2026-05-25T07:00:29.742+0000] {local_task_job_runner.py:234} INFO - Task exited with return code 0
[2026-05-25T07:00:29.785+0000] {taskinstance.py:3280} INFO - 1 downstream tasks scheduled from follow-on schedule check
